Component: Arm Compiler for Embedded 6.18 Tool: armlink [5e4cc100]

==============================================================================

Section Cross References

    board.o(.text.BOARD_InitDebugConsole) refers to fsl_clock.o(.text.CLOCK_AttachClk) for CLOCK_AttachClk
    board.o(.text.BOARD_InitDebugConsole) refers to fsl_reset.o(.text.RESET_ClearPeripheralReset) for RESET_ClearPeripheralReset
    board.o(.text.BOARD_InitDebugConsole) refers to fsl_debug_console.o(.text.DbgConsole_Init) for DbgConsole_Init
    board.o(.ARM.exidx.text.BOARD_InitDebugConsole) refers to board.o(.text.BOARD_InitDebugConsole) for [Anonymous Symbol]
    board.o(.text.BOARD_InitDebugConsole_Core1) refers to fsl_clock.o(.text.CLOCK_AttachClk) for CLOCK_AttachClk
    board.o(.text.BOARD_InitDebugConsole_Core1) refers to fsl_reset.o(.text.RESET_ClearPeripheralReset) for RESET_ClearPeripheralReset
    board.o(.text.BOARD_InitDebugConsole_Core1) refers to fsl_debug_console.o(.text.DbgConsole_Init) for DbgConsole_Init
    board.o(.ARM.exidx.text.BOARD_InitDebugConsole_Core1) refers to board.o(.text.BOARD_InitDebugConsole_Core1) for [Anonymous Symbol]
    board.o(.text.BOARD_I2C_Init) refers to fsl_i2c.o(.text.I2C_MasterGetDefaultConfig) for I2C_MasterGetDefaultConfig
    board.o(.text.BOARD_I2C_Init) refers to fsl_i2c.o(.text.I2C_MasterInit) for I2C_MasterInit
    board.o(.ARM.exidx.text.BOARD_I2C_Init) refers to board.o(.text.BOARD_I2C_Init) for [Anonymous Symbol]
    board.o(.text.BOARD_I2C_Send) refers to fsl_i2c.o(.text.I2C_MasterTransferBlocking) for I2C_MasterTransferBlocking
    board.o(.ARM.exidx.text.BOARD_I2C_Send) refers to board.o(.text.BOARD_I2C_Send) for [Anonymous Symbol]
    board.o(.text.BOARD_I2C_Receive) refers to fsl_i2c.o(.text.I2C_MasterTransferBlocking) for I2C_MasterTransferBlocking
    board.o(.ARM.exidx.text.BOARD_I2C_Receive) refers to board.o(.text.BOARD_I2C_Receive) for [Anonymous Symbol]
    board.o(.text.BOARD_Accel_I2C_Init) refers to fsl_i2c.o(.text.I2C_MasterGetDefaultConfig) for I2C_MasterGetDefaultConfig
    board.o(.text.BOARD_Accel_I2C_Init) refers to fsl_i2c.o(.text.I2C_MasterInit) for I2C_MasterInit
    board.o(.ARM.exidx.text.BOARD_Accel_I2C_Init) refers to board.o(.text.BOARD_Accel_I2C_Init) for [Anonymous Symbol]
    board.o(.text.BOARD_Accel_I2C_Send) refers to fsl_i2c.o(.text.I2C_MasterTransferBlocking) for I2C_MasterTransferBlocking
    board.o(.ARM.exidx.text.BOARD_Accel_I2C_Send) refers to board.o(.text.BOARD_Accel_I2C_Send) for [Anonymous Symbol]
    board.o(.text.BOARD_Accel_I2C_Receive) refers to fsl_i2c.o(.text.I2C_MasterTransferBlocking) for I2C_MasterTransferBlocking
    board.o(.ARM.exidx.text.BOARD_Accel_I2C_Receive) refers to board.o(.text.BOARD_Accel_I2C_Receive) for [Anonymous Symbol]
    board.o(.text.BOARD_Codec_I2C_Init) refers to fsl_i2c.o(.text.I2C_MasterGetDefaultConfig) for I2C_MasterGetDefaultConfig
    board.o(.text.BOARD_Codec_I2C_Init) refers to fsl_i2c.o(.text.I2C_MasterInit) for I2C_MasterInit
    board.o(.ARM.exidx.text.BOARD_Codec_I2C_Init) refers to board.o(.text.BOARD_Codec_I2C_Init) for [Anonymous Symbol]
    board.o(.text.BOARD_Codec_I2C_Send) refers to fsl_i2c.o(.text.I2C_MasterTransferBlocking) for I2C_MasterTransferBlocking
    board.o(.ARM.exidx.text.BOARD_Codec_I2C_Send) refers to board.o(.text.BOARD_Codec_I2C_Send) for [Anonymous Symbol]
    board.o(.text.BOARD_Codec_I2C_Receive) refers to fsl_i2c.o(.text.I2C_MasterTransferBlocking) for I2C_MasterTransferBlocking
    board.o(.ARM.exidx.text.BOARD_Codec_I2C_Receive) refers to board.o(.text.BOARD_Codec_I2C_Receive) for [Anonymous Symbol]
    clock_config.o(.text.BOARD_InitBootClocks) refers to clock_config.o(.text.BOARD_BootClockPLL150M) for BOARD_BootClockPLL150M
    clock_config.o(.ARM.exidx.text.BOARD_InitBootClocks) refers to clock_config.o(.text.BOARD_InitBootClocks) for [Anonymous Symbol]
    clock_config.o(.text.BOARD_BootClockPLL150M) refers to fsl_clock.o(.text.CLOCK_SetupFROClocking) for CLOCK_SetupFROClocking
    clock_config.o(.text.BOARD_BootClockPLL150M) refers to fsl_clock.o(.text.CLOCK_AttachClk) for CLOCK_AttachClk
    clock_config.o(.text.BOARD_BootClockPLL150M) refers to fsl_clock.o(.text.CLOCK_SetupExtClocking) for CLOCK_SetupExtClocking
    clock_config.o(.text.BOARD_BootClockPLL150M) refers to fsl_power_lib.o(.text.POWER_SetVoltageForFreq) for POWER_SetVoltageForFreq
    clock_config.o(.text.BOARD_BootClockPLL150M) refers to fsl_clock.o(.text.CLOCK_SetFLASHAccessCyclesForFreq) for CLOCK_SetFLASHAccessCyclesForFreq
    clock_config.o(.text.BOARD_BootClockPLL150M) refers to clock_config.o(.rodata.cst32) for .L__const.BOARD_BootClockPLL150M.pll0Setup
    clock_config.o(.text.BOARD_BootClockPLL150M) refers to fsl_clock.o(.text.CLOCK_SetPLL0Freq) for CLOCK_SetPLL0Freq
    clock_config.o(.text.BOARD_BootClockPLL150M) refers to fsl_clock.o(.text.CLOCK_SetClkDiv) for CLOCK_SetClkDiv
[...]
    CTIMER0_IRQHandler                       0x00000289   Thumb Code     4  startup_lpc55s69_cm33_core0.o(.text)
    CTIMER1_IRQHandler                       0x0000028d   Thumb Code     4  startup_lpc55s69_cm33_core0.o(.text)
    SCT0_IRQHandler                          0x00000291   Thumb Code     4  startup_lpc55s69_cm33_core0.o(.text)
    CTIMER3_IRQHandler                       0x00000295   Thumb Code     4  startup_lpc55s69_cm33_core0.o(.text)
    FLEXCOMM0_IRQHandler                     0x00000299   Thumb Code     4  startup_lpc55s69_cm33_core0.o(.text)
    FLEXCOMM1_IRQHandler                     0x0000029d   Thumb Code     4  startup_lpc55s69_cm33_core0.o(.text)
    FLEXCOMM2_IRQHandler                     0x000002a1   Thumb Code     4  startup_lpc55s69_cm33_core0.o(.text)
    FLEXCOMM3_IRQHandler                     0x000002a5   Thumb Code     4  startup_lpc55s69_cm33_core0.o(.text)
    FLEXCOMM4_IRQHandler                     0x000002a9   Thumb Code     4  startup_lpc55s69_cm33_core0.o(.text)
    FLEXCOMM5_IRQHandler                     0x000002ad   Thumb Code     4  startup_lpc55s69_cm33_core0.o(.text)
    FLEXCOMM6_IRQHandler                     0x000002b1   Thumb Code     4  startup_lpc55s69_cm33_core0.o(.text)
    FLEXCOMM7_IRQHandler                     0x000002b5   Thumb Code     4  startup_lpc55s69_cm33_core0.o(.text)
    ADC0_IRQHandler                          0x000002b9   Thumb Code     4  startup_lpc55s69_cm33_core0.o(.text)
    Reserved39_IRQHandler                    0x000002bd   Thumb Code     4  startup_lpc55s69_cm33_core0.o(.text)
    ACMP_IRQHandler                          0x000002c1   Thumb Code     4  startup_lpc55s69_cm33_core0.o(.text)
    Reserved41_IRQHandler                    0x000002c5   Thumb Code     4  startup_lpc55s69_cm33_core0.o(.text)
    Reserved42_IRQHandler                    0x000002c9   Thumb Code     4  startup_lpc55s69_cm33_core0.o(.text)
    USB0_NEEDCLK_IRQHandler                  0x000002cd   Thumb Code     4  startup_lpc55s69_cm33_core0.o(.text)
    RTC_IRQHandler                           0x000002d5   Thumb Code     4  startup_lpc55s69_cm33_core0.o(.text)
    Reserved46_IRQHandler                    0x000002d9   Thumb Code     4  startup_lpc55s69_cm33_core0.o(.text)
    MAILBOX_IRQHandler                       0x000002dd   Thumb Code     4  startup_lpc55s69_cm33_core0.o(.text)
    PIN_INT4_IRQHandler                      0x000002e1   Thumb Code     4  startup_lpc55s69_cm33_core0.o(.text)
    PIN_INT5_IRQHandler                      0x000002e5   Thumb Code     4  startup_lpc55s69_cm33_core0.o(.text)
    PIN_INT6_IRQHandler                      0x000002e9   Thumb Code     4  startup_lpc55s69_cm33_core0.o(.text)
    PIN_INT7_IRQHandler                      0x000002ed   Thumb Code     4  startup_lpc55s69_cm33_core0.o(.text)
    CTIMER2_IRQHandler                       0x000002f1   Thumb Code     4  startup_lpc55s69_cm33_core0.o(.text)
    CTIMER4_IRQHandler                       0x000002f5   Thumb Code     4  startup_lpc55s69_cm33_core0.o(.text)
    OS_EVENT_IRQHandler                      0x000002f9   Thumb Code     4  startup_lpc55s69_cm33_core0.o(.text)
    Reserved55_IRQHandler                    0x000002fd   Thumb Code     4  startup_lpc55s69_cm33_core0.o(.text)
    Reserved56_IRQHandler                    0x00000301   Thumb Code     4  startup_lpc55s69_cm33_core0.o(.text)
    Reserved57_IRQHandler                    0x00000305   Thumb Code     4  startup_lpc55s69_cm33_core0.o(.text)
    SDIO_IRQHandler                          0x00000309   Thumb Code     4  startup_lpc55s69_cm33_core0.o(.text)
    Reserved59_IRQHandler                    0x0000030d   Thumb Code     4  startup_lpc55s69_cm33_core0.o(.text)
    Reserved60_IRQHandler                    0x00000311   Thumb Code     4  startup_lpc55s69_cm33_core0.o(.text)
    Reserved61_IRQHandler                    0x00000315   Thumb Code     4  startup_lpc55s69_cm33_core0.o(.text)
    USB1_PHY_IRQHandler                      0x00000319   Thumb Code     4  startup_lpc55s69_cm33_core0.o(.text)
    USB1_IRQHandler                          0x0000031d   Thumb Code     4  startup_lpc55s69_cm33_core0.o(.text)
    USB1_NEEDCLK_IRQHandler                  0x00000321   Thumb Code     4  startup_lpc55s69_cm33_core0.o(.text)
    SEC_HYPERVISOR_CALL_IRQHandler           0x00000325   Thumb Code     4  startup_lpc55s69_cm33_core0.o(.text)
    SEC_GPIO_INT0_IRQ0_IRQHandler            0x00000329   Thumb Code     4  startup_lpc55s69_cm33_core0.o(.text)
    SEC_GPIO_INT0_IRQ1_IRQHandler            0x0000032d   Thumb Code     4  startup_lpc55s69_cm33_core0.o(.text)
    PLU_IRQHandler                           0x00000331   Thumb Code     4  startup_lpc55s69_cm33_core0.o(.text)
    SEC_VIO_IRQHandler                       0x00000335   Thumb Code     4  startup_lpc55s69_cm33_core0.o(.text)
    HASHCRYPT_IRQHandler                     0x00000339   Thumb Code     4  startup_lpc55s69_cm33_core0.o(.text)
    CASER_IRQHandler                         0x0000033d   Thumb Code     4  startup_lpc55s69_cm33_core0.o(.text)
    PUF_IRQHandler                           0x00000341   Thumb Code     4  startup_lpc55s69_cm33_core0.o(.text)
    PQ_IRQHandler                            0x00000345   Thumb Code     4  startup_lpc55s69_cm33_core0.o(.text)
    DMA1_IRQHandler                          0x00000349   Thumb Code     4  startup_lpc55s69_cm33_core0.o(.text)
    FLEXCOMM8_IRQHandler                     0x0000034d   Thumb Code     4  startup_lpc55s69_cm33_core0.o(.text)
    __aeabi_uldivmod                         0x00000455   Thumb Code    98  uldiv.o(.text)
    abs                                      0x000004b7   Thumb Code     8  siabs.o(.text)
    ___aeabi_memcpy4$ret                     0x000004bf   Thumb Code     0  memcpy.o(.text)
    ___aeabi_memcpy8$ret                     0x000004bf   Thumb Code     0  memcpy.o(.text)
    __aeabi_memcpy                           0x000004bf   Thumb Code    40  memcpy.o(.text)
    memcpy                                   0x000004bf   Thumb Code     0  memcpy.o(.text)
    __aeabi_memset                           0x000004e7   Thumb Code    14  memseta.o(.text)
    __aeabi_memset4                          0x000004e7   Thumb Code     0  memseta.o(.text)
    __aeabi_memset8                          0x000004e7   Thumb Code     0  memseta.o(.text)
    __aeabi_memclr                           0x000004f5   Thumb Code     4  memseta.o(.text)
    __aeabi_memclr4                          0x000004f5   Thumb Code     0  memseta.o(.text)
    __aeabi_memclr8                          0x000004f5   Thumb Code     0  memseta.o(.text)
    memset                                   0x000004f9   Thumb Code    18  memseta.o(.text)
    strlen                                   0x0000050b   Thumb Code    14  strlen.o(.text)
    __aeabi_llsl                             0x00000519   Thumb Code    30  llshl.o(.text)
    _ll_shift_l                              0x00000519   Thumb Code     0  llshl.o(.text)
    __aeabi_llsr                             0x00000537   Thumb Code    32  llushr.o(.text)
    _ll_ushift_r                             0x00000537   Thumb Code     0  llushr.o(.text)
    __scatterload                            0x00000559   Thumb Code    28  init.o(.text)
    __scatterload_rt2                        0x00000559   Thumb Code     0  init.o(.text)
    __decompress                             0x0000057d   Thumb Code     0  __dczerorl2.o(.text)
    __decompress1                            0x0000057d   Thumb Code    86  __dczerorl2.o(.text)
    APPInit                                  0x000005d5   Thumb Code   200  composite.o(.text.APPInit)
    BOARD_BootClockFROHF96M                  0x00000721   Thumb Code    94  clock_config.o(.text.BOARD_BootClockFROHF96M)
    BOARD_InitBootPins                       0x00000781   Thumb Code   118  pin_mux.o(.text.BOARD_InitBootPins)
    BOARD_InitDebugConsole                   0x000007f9   Thumb Code    42  board.o(.text.BOARD_InitDebugConsole)
    BOARD_SetCodecMuteUnmute                 0x00000825   Thumb Code    48  composite.o(.text.BOARD_SetCodecMuteUnmute)
    CLOCK_AttachClk                          0x00000855   Thumb Code    90  fsl_clock.o(.text.CLOCK_AttachClk)
    CLOCK_EnableUsbfs0DeviceClock            0x000008b1   Thumb Code   270  fsl_clock.o(.text.CLOCK_EnableUsbfs0DeviceClock)
    CLOCK_GetFroHfFreq                       0x000009c1   Thumb Code    26  fsl_clock.o(.text.CLOCK_GetFroHfFreq)
    CLOCK_GetPll0OutFreq                     0x000009dd   Thumb Code    12  fsl_clock.o(.text.CLOCK_GetPll0OutFreq)
    CLOCK_SetClkDiv                          0x000009e9   Thumb Code    56  fsl_clock.o(.text.CLOCK_SetClkDiv)
    CLOCK_SetFLASHAccessCyclesForFreq        0x00000a21   Thumb Code   258  fsl_clock.o(.text.CLOCK_SetFLASHAccessCyclesForFreq)
    CLOCK_SetPLL0Freq                        0x00000b25   Thumb Code   322  fsl_clock.o(.text.CLOCK_SetPLL0Freq)
    CLOCK_SetPLL1Freq                        0x00000c69   Thumb Code   294  fsl_clock.o(.text.CLOCK_SetPLL1Freq)
    CLOCK_SetupExtClocking                   0x00000d91   Thumb Code    64  fsl_clock.o(.text.CLOCK_SetupExtClocking)
    CLOCK_SetupFROClocking                   0x00000dd1   Thumb Code   100  fsl_clock.o(.text.CLOCK_SetupFROClocking)
    CODEC_I2C_Init                           0x00000e35   Thumb Code    30  fsl_codec_i2c.o(.text.CODEC_I2C_Init)
    CODEC_I2C_Receive                        0x00000e55   Thumb Code    46  fsl_codec_i2c.o(.text.CODEC_I2C_Receive)
    CODEC_I2C_Send                           0x00000e85   Thumb Code    44  fsl_codec_i2c.o(.text.CODEC_I2C_Send)
    CODEC_Init                               0x00000eb1   Thumb Code    32  fsl_codec_common.o(.text.CODEC_Init)
    CODEC_SetMute                            0x00000ef9   Thumb Code    72  fsl_codec_common.o(.text.CODEC_SetMute)
    CODEC_SetVolume                          0x00000f41   Thumb Code    92  fsl_codec_common.o(.text.CODEC_SetVolume)
    CTIMER0_DriverIRQHandler                 0x00000fc1   Thumb Code    94  fsl_ctimer.o(.text.CTIMER0_DriverIRQHandler)
    CTIMER1_DriverIRQHandler                 0x00001021   Thumb Code    94  fsl_ctimer.o(.text.CTIMER1_DriverIRQHandler)
    CTIMER2_DriverIRQHandler                 0x00001081   Thumb Code    94  fsl_ctimer.o(.text.CTIMER2_DriverIRQHandler)
    CTIMER3_DriverIRQHandler                 0x000010e1   Thumb Code    94  fsl_ctimer.o(.text.CTIMER3_DriverIRQHandler)
    CTIMER4_DriverIRQHandler                 0x00001141   Thumb Code    94  fsl_ctimer.o(.text.CTIMER4_DriverIRQHandler)
    CTIMER_CaptureInit                       0x000011a1   Thumb Code   166  composite.o(.text.CTIMER_CaptureInit)
    CTIMER_GetDefaultConfig                  0x00001249   Thumb Code    44  fsl_ctimer.o(.text.CTIMER_GetDefaultConfig)
    CTIMER_Init                              0x00001275   Thumb Code   160  fsl_ctimer.o(.text.CTIMER_Init)
    CTIMER_RegisterCallBack                  0x00001329   Thumb Code    82  fsl_ctimer.o(.text.CTIMER_RegisterCallBack)
    CTIMER_SOF_TOGGLE_HANDLER_FRO            0x0000137d   Thumb Code   390  audio_unified.o(.text.CTIMER_SOF_TOGGLE_HANDLER_FRO)
    CTIMER_SOF_TOGGLE_HANDLER_PLL            0x00001505   Thumb Code   366  audio_unified.o(.text.CTIMER_SOF_TOGGLE_HANDLER_PLL)
    CTIMER_SetupCapture                      0x00001675   Thumb Code   134  fsl_ctimer.o(.text.CTIMER_SetupCapture)
    DMA0_DriverIRQHandler                    0x000016fd   Thumb Code    16  fsl_dma.o(.text.DMA0_DriverIRQHandler)
    DMA1_DriverIRQHandler                    0x0000170d   Thumb Code    16  fsl_dma.o(.text.DMA1_DriverIRQHandler)
    DMA_AbortTransfer                        0x0000171d   Thumb Code   134  fsl_dma.o(.text.DMA_AbortTransfer)
    DMA_CreateHandle                         0x000017a5   Thumb Code   212  fsl_dma.o(.text.DMA_CreateHandle)
    DMA_IRQHandle                            0x0000187d   Thumb Code   232  fsl_dma.o(.text.DMA_IRQHandle)
    DMA_Init                                 0x00001965   Thumb Code   160  fsl_dma.o(.text.DMA_Init)
    DMA_SetCallback                          0x00001a0d   Thumb Code    28  fsl_dma.o(.text.DMA_SetCallback)
    DMA_SetupDescriptor                      0x00001a39   Thumb Code   140  fsl_dma.o(.text.DMA_SetupDescriptor)
    DMA_StartTransfer                        0x00001ac5   Thumb Code   104  fsl_dma.o(.text.DMA_StartTransfer)
    DMA_SubmitChannelTransferParameter       0x00001b2d   Thumb Code   264  fsl_dma.o(.text.DMA_SubmitChannelTransferParameter)
    DbgConsole_Init                          0x00001c69   Thumb Code    78  fsl_debug_console.o(.text.DbgConsole_Init)
    DbgConsole_Printf                        0x00001cb9   Thumb Code   976  fsl_debug_console.o(.text.DbgConsole_Printf)
    FLEXCOMM0_DriverIRQHandler               0x00002089   Thumb Code    58  fsl_flexcomm.o(.text.FLEXCOMM0_DriverIRQHandler)
    FLEXCOMM1_DriverIRQHandler               0x000020c5   Thumb Code    58  fsl_flexcomm.o(.text.FLEXCOMM1_DriverIRQHandler)
    FLEXCOMM2_DriverIRQHandler               0x00002101   Thumb Code    58  fsl_flexcomm.o(.text.FLEXCOMM2_DriverIRQHandler)
    FLEXCOMM3_DriverIRQHandler               0x0000213d   Thumb Code    58  fsl_flexcomm.o(.text.FLEXCOMM3_DriverIRQHandler)
    FLEXCOMM4_DriverIRQHandler               0x00002179   Thumb Code    58  fsl_flexcomm.o(.text.FLEXCOMM4_DriverIRQHandler)
    FLEXCOMM5_DriverIRQHandler               0x000021b5   Thumb Code    58  fsl_flexcomm.o(.text.FLEXCOMM5_DriverIRQHandler)
    FLEXCOMM6_DriverIRQHandler               0x000021f1   Thumb Code    60  fsl_flexcomm.o(.text.FLEXCOMM6_DriverIRQHandler)
    FLEXCOMM7_DriverIRQHandler               0x0000222d   Thumb Code    60  fsl_flexcomm.o(.text.FLEXCOMM7_DriverIRQHandler)
    FLEXCOMM8_DriverIRQHandler               0x00002269   Thumb Code    60  fsl_flexcomm.o(.text.FLEXCOMM8_DriverIRQHandler)
    FLEXCOMM_Init                            0x000022a5   Thumb Code   168  fsl_flexcomm.o(.text.FLEXCOMM_Init)
    GINT0_DriverIRQHandler                   0x00002371   Thumb Code    36  fsl_gint.o(.text.GINT0_DriverIRQHandler)
    GINT1_DriverIRQHandler                   0x00002395   Thumb Code    36  fsl_gint.o(.text.GINT1_DriverIRQHandler)
    GINT_ConfigPins                          0x000023b9   Thumb Code    10  fsl_gint.o(.text.GINT_ConfigPins)
    GINT_EnableCallback                      0x000023c5   Thumb Code   108  fsl_gint.o(.text.GINT_EnableCallback)
    GINT_Init                                0x00002431   Thumb Code   112  fsl_gint.o(.text.GINT_Init)
    GINT_SetCtrl                             0x000024a1   Thumb Code    82  fsl_gint.o(.text.GINT_SetCtrl)
    HAL_CODEC_WM8904_Init                    0x000024f5   Thumb Code    48  fsl_codec_wm8904_adapter.o(.text.HAL_CODEC_WM8904_Init)
    HAL_CODEC_WM8904_SetMute                 0x0000254d   Thumb Code    34  fsl_codec_wm8904_adapter.o(.text.HAL_CODEC_WM8904_SetMute)
    HAL_CODEC_WM8904_SetVolume               0x00002571   Thumb Code   116  fsl_codec_wm8904_adapter.o(.text.HAL_CODEC_WM8904_SetVolume)
    HAL_I2cMasterInit                        0x00002609   Thumb Code   106  fsl_adapter_flexcomm_i2c.o(.text.HAL_I2cMasterInit)
    HAL_I2cMasterTransferBlocking            0x00002675   Thumb Code   208  fsl_adapter_flexcomm_i2c.o(.text.HAL_I2cMasterTransferBlocking)
    HAL_UartInit                             0x00002745   Thumb Code   224  fsl_adapter_usart.o(.text.HAL_UartInit)
    HAL_UartReceiveBlocking                  0x0000282d   Thumb Code   108  fsl_adapter_usart.o(.text.HAL_UartReceiveBlocking)
    HAL_UartSendBlocking                     0x00002899   Thumb Code   102  fsl_adapter_usart.o(.text.HAL_UartSendBlocking)
    I2C_MasterGetDefaultConfig               0x00002a11   Thumb Code    34  fsl_i2c.o(.text.I2C_MasterGetDefaultConfig)
    I2C_MasterInit                           0x00002a35   Thumb Code   132  fsl_i2c.o(.text.I2C_MasterInit)
    I2C_MasterReadBlocking                   0x00002ab9   Thumb Code   380  fsl_i2c.o(.text.I2C_MasterReadBlocking)
    I2C_MasterSetBaudRate                    0x00002ced   Thumb Code   216  fsl_i2c.o(.text.I2C_MasterSetBaudRate)
    I2C_MasterStop                           0x00002dc5   Thumb Code   146  fsl_i2c.o(.text.I2C_MasterStop)
    I2C_MasterTransferBlocking               0x00002e59   Thumb Code   504  fsl_i2c.o(.text.I2C_MasterTransferBlocking)
    I2C_MasterWriteBlocking                  0x00003051   Thumb Code   612  fsl_i2c.o(.text.I2C_MasterWriteBlocking)
    I2S_DMACallback                          0x00003519   Thumb Code   154  fsl_i2s_dma.o(.text.I2S_DMACallback)
    I2S_RxGetDefaultConfig                   0x000036fd   Thumb Code    32  fsl_i2s.o(.text.I2S_RxGetDefaultConfig)
    I2S_RxInit                               0x0000371d   Thumb Code    48  fsl_i2s.o(.text.I2S_RxInit)
    I2S_RxTransferCreateHandleDMA            0x0000374d   Thumb Code    20  fsl_i2s_dma.o(.text.I2S_RxTransferCreateHandleDMA)
    I2S_RxTransferReceiveDMA                 0x00003761   Thumb Code   172  fsl_i2s_dma.o(.text.I2S_RxTransferReceiveDMA)
    I2S_TransferAbortDMA                     0x00003a0d   Thumb Code   320  fsl_i2s_dma.o(.text.I2S_TransferAbortDMA)
    I2S_TxGetDefaultConfig                   0x00003b69   Thumb Code    36  fsl_i2s.o(.text.I2S_TxGetDefaultConfig)
    I2S_TxInit                               0x00003b8d   Thumb Code    60  fsl_i2s.o(.text.I2S_TxInit)
    I2S_TxTransferCreateHandleDMA            0x00003bc9   Thumb Code   216  fsl_i2s_dma.o(.text.I2S_TxTransferCreateHandleDMA)
    I2S_TxTransferSendDMA                    0x00003cb5   Thumb Code   172  fsl_i2s_dma.o(.text.I2S_TxTransferSendDMA)
    Init_Board_Audio                         0x00003d61   Thumb Code   490  composite.o(.text.Init_Board_Audio)
    Init_Board_Audio_32bit                   0x00003f4d   Thumb Code   502  composite.o(.text.Init_Board_Audio_32bit)
    OSA_EnterCritical                        0x00004145   Thumb Code    14  fsl_os_abstraction_bm.o(.text.OSA_EnterCritical)
    OSA_ExitCritical                         0x00004155   Thumb Code     6  fsl_os_abstraction_bm.o(.text.OSA_ExitCritical)
    POWER_SetVoltageForFreq                  0x0000415d   Thumb Code    44  fsl_power_lib.o(.text.POWER_SetVoltageForFreq)
    RESET_ClearPeripheralReset               0x00004189   Thumb Code    66  fsl_reset.o(.text.RESET_ClearPeripheralReset)
    RESET_PeripheralReset                    0x000041cd   Thumb Code    82  fsl_reset.o(.text.RESET_PeripheralReset)
    SDK_DelayAtLeastUs                       0x0000427d   Thumb Code    60  fsl_common_arm.o(.text.SDK_DelayAtLeastUs)
    SystemInit                               0x000042e9   Thumb Code    72  system_lpc55s69_cm33_core0.o(.text.SystemInit)
    SystemInitHook                           0x00004331   Thumb Code     2  system_lpc55s69_cm33_core0.o(.text.SystemInitHook)
    USART_GetDefaultConfig                   0x000043c5   Thumb Code    52  fsl_usart.o(.text.USART_GetDefaultConfig)
    USART_Init                               0x00004409   Thumb Code   316  fsl_usart.o(.text.USART_Init)
    USART_ReadBlocking                       0x00004585   Thumb Code   166  fsl_usart.o(.text.USART_ReadBlocking)
    USART_SetBaudRate                        0x0000462d   Thumb Code   232  fsl_usart.o(.text.USART_SetBaudRate)
    USART_WriteBlocking                      0x00004715   Thumb Code    74  fsl_usart.o(.text.USART_WriteBlocking)
    USB0_IRQHandler                          0x00004761   Thumb Code    18  composite.o(.text.USB0_IRQHandler)
    USB_AudioCodecTask                       0x00004775   Thumb Code   152  audio_unified.o(.text.USB_AudioCodecTask)
    USB_AudioPllChange                       0x00004825   Thumb Code    24  composite.o(.text.USB_AudioPllChange)
    USB_AudioSpeakerBufferSpaceUsed          0x0000483d   Thumb Code    54  audio_unified.o(.text.USB_AudioSpeakerBufferSpaceUsed)
    USB_AudioSpeakerPutBuffer                0x00004875   Thumb Code   230  audio_unified.o(.text.USB_AudioSpeakerPutBuffer)
    USB_AudioSpeakerResetTask                0x0000495d   Thumb Code   112  audio_unified.o(.text.USB_AudioSpeakerResetTask)
    USB_DeviceAudioCompositeCallback         0x000049cd   Thumb Code   312  audio_unified.o(.text.USB_DeviceAudioCompositeCallback)
    USB_DeviceAudioCompositeInit             0x00004b05   Thumb Code   264  audio_unified.o(.text.USB_DeviceAudioCompositeInit)
    USB_DeviceAudioCompositeSetConfigure     0x00004c0d   Thumb Code    24  audio_unified.o(.text.USB_DeviceAudioCompositeSetConfigure)
    USB_DeviceAudioControlEndpointsDeinit    0x00004c25   Thumb Code    62  usb_device_audio.o(.text.USB_DeviceAudioControlEndpointsDeinit)
    USB_DeviceAudioControlEndpointsInit      0x00004c65   Thumb Code   262  usb_device_audio.o(.text.USB_DeviceAudioControlEndpointsInit)
    USB_DeviceAudioDeinit                    0x00004d6d   Thumb Code   102  usb_device_audio.o(.text.USB_DeviceAudioDeinit)
    USB_DeviceAudioEvent                     0x00004dd5   Thumb Code   686  usb_device_audio.o(.text.USB_DeviceAudioEvent)
    USB_DeviceAudioGetFeatureUnit            0x00005085   Thumb Code   390  usb_device_audio.o(.text.USB_DeviceAudioGetFeatureUnit)
    USB_DeviceAudioGetRequestEndpoint        0x0000520d   Thumb Code   136  usb_device_audio.o(.text.USB_DeviceAudioGetRequestEndpoint)
    USB_DeviceAudioGetRequestInterface       0x00005295   Thumb Code   148  usb_device_audio.o(.text.USB_DeviceAudioGetRequestInterface)
    USB_DeviceAudioInit                      0x00005329   Thumb Code   122  usb_device_audio.o(.text.USB_DeviceAudioInit)
    USB_DeviceAudioInterruptIn               0x000053a5   Thumb Code    40  usb_device_audio.o(.text.USB_DeviceAudioInterruptIn)
    USB_DeviceAudioIsochronousIn             0x000053cd   Thumb Code    44  usb_device_audio.o(.text.USB_DeviceAudioIsochronousIn)
    USB_DeviceAudioIsochronousOut            0x000053f9   Thumb Code    44  usb_device_audio.o(.text.USB_DeviceAudioIsochronousOut)
    USB_DeviceAudioRecorderSetInterface      0x00005425   Thumb Code    66  audio_unified.o(.text.USB_DeviceAudioRecorderSetInterface)
    USB_DeviceAudioRecv                      0x00005469   Thumb Code    46  usb_device_audio.o(.text.USB_DeviceAudioRecv)
    USB_DeviceAudioRequest                   0x00005499   Thumb Code  1316  audio_unified.o(.text.USB_DeviceAudioRequest)
    USB_DeviceAudioSend                      0x000059bd   Thumb Code    46  usb_device_audio.o(.text.USB_DeviceAudioSend)
    USB_DeviceAudioSetFeatureUnit            0x000059ed   Thumb Code   390  usb_device_audio.o(.text.USB_DeviceAudioSetFeatureUnit)
    USB_DeviceAudioSetRequestEndpoint        0x00005b75   Thumb Code   138  usb_device_audio.o(.text.USB_DeviceAudioSetRequestEndpoint)
    USB_DeviceAudioSetRequestInterface       0x00005c01   Thumb Code   148  usb_device_audio.o(.text.USB_DeviceAudioSetRequestInterface)
    USB_DeviceAudioSpeakerSetInterface       0x00005c95   Thumb Code   300  audio_unified.o(.text.USB_DeviceAudioSpeakerSetInterface)
    USB_DeviceAudioSpeakerStatusReset        0x00005dc1   Thumb Code   102  audio_unified.o(.text.USB_DeviceAudioSpeakerStatusReset)
    USB_DeviceAudioStreamEndpointsDeinit     0x00005e29   Thumb Code   196  usb_device_audio.o(.text.USB_DeviceAudioStreamEndpointsDeinit)
    USB_DeviceAudioStreamEndpointsInit       0x00005eed   Thumb Code   262  usb_device_audio.o(.text.USB_DeviceAudioStreamEndpointsInit)
    USB_DeviceCallback                       0x00005ff5   Thumb Code   450  composite.o(.text.USB_DeviceCallback)
    USB_DeviceClassCallback                  0x00006679   Thumb Code   104  usb_device_class.o(.text.USB_DeviceClassCallback)
    USB_DeviceClassEvent                     0x000066e1   Thumb Code   162  usb_device_class.o(.text.USB_DeviceClassEvent)
    USB_DeviceClassGetDeviceHandle           0x00006785   Thumb Code    50  usb_device_class.o(.text.USB_DeviceClassGetDeviceHandle)
    USB_DeviceClassInit                      0x000067b9   Thumb Code   256  usb_device_class.o(.text.USB_DeviceClassInit)
    USB_DeviceControlPipeInit                0x00006b7d   Thumb Code    82  usb_device_ch9.o(.text.USB_DeviceControlPipeInit)
    USB_DeviceDeinit                         0x00006bd1   Thumb Code    52  usb_device_dci.o(.text.USB_DeviceDeinit)
    USB_DeviceDeinitEndpoint                 0x00006c05   Thumb Code    82  usb_device_dci.o(.text.USB_DeviceDeinitEndpoint)
    USB_DeviceGetConfigurationDescriptor     0x00006c59   Thumb Code    30  usb_device_descriptor.o(.text.USB_DeviceGetConfigurationDescriptor)
    USB_DeviceGetDeviceDescriptor            0x00006c79   Thumb Code    18  usb_device_descriptor.o(.text.USB_DeviceGetDeviceDescriptor)
    USB_DeviceGetHidReportDescriptor         0x00006c8d   Thumb Code    28  usb_device_descriptor.o(.text.USB_DeviceGetHidReportDescriptor)
    USB_DeviceGetStatus                      0x00006ca9   Thumb Code   262  usb_device_dci.o(.text.USB_DeviceGetStatus)
    USB_DeviceGetStringDescriptor            0x00006db1   Thumb Code   104  usb_device_descriptor.o(.text.USB_DeviceGetStringDescriptor)
    USB_DeviceHidDeinit                      0x00006e19   Thumb Code    76  usb_device_hid.o(.text.USB_DeviceHidDeinit)
    USB_DeviceHidEvent                       0x00006fb9   Thumb Code   982  usb_device_hid.o(.text.USB_DeviceHidEvent)
    USB_DeviceHidInit                        0x00007391   Thumb Code    70  usb_device_hid.o(.text.USB_DeviceHidInit)
    USB_DeviceHidKeyboardAction              0x00007439   Thumb Code    86  hid_keyboard.o(.text.USB_DeviceHidKeyboardAction)
    USB_DeviceHidKeyboardCallback            0x00007491   Thumb Code   136  hid_keyboard.o(.text.USB_DeviceHidKeyboardCallback)
    USB_DeviceHidKeyboardInit                0x00007519   Thumb Code    32  hid_keyboard.o(.text.USB_DeviceHidKeyboardInit)
    USB_DeviceHidKeyboardSetConfigure        0x00007539   Thumb Code    94  hid_keyboard.o(.text.USB_DeviceHidKeyboardSetConfigure)
    USB_DeviceHidSend                        0x00007599   Thumb Code    64  usb_device_hid.o(.text.USB_DeviceHidSend)
    USB_DeviceInit                           0x000075d9   Thumb Code   288  usb_device_dci.o(.text.USB_DeviceInit)
    USB_DeviceInitEndpoint                   0x000076f9   Thumb Code   108  usb_device_dci.o(.text.USB_DeviceInitEndpoint)
    USB_DeviceLpc3511IpCancel                0x00007765   Thumb Code   404  usb_device_lpcip3511.o(.text.USB_DeviceLpc3511IpCancel)
    USB_DeviceLpc3511IpControl               0x000078f9   Thumb Code   884  usb_device_lpcip3511.o(.text.USB_DeviceLpc3511IpControl)
    USB_DeviceLpc3511IpDeinit                0x00007c6d   Thumb Code   266  usb_device_lpcip3511.o(.text.USB_DeviceLpc3511IpDeinit)
    USB_DeviceLpc3511IpInit                  0x00007fe1   Thumb Code   192  usb_device_lpcip3511.o(.text.USB_DeviceLpc3511IpInit)
    USB_DeviceLpc3511IpRecv                  0x0000831d   Thumb Code    70  usb_device_lpcip3511.o(.text.USB_DeviceLpc3511IpRecv)
    USB_DeviceLpc3511IpSend                  0x00008365   Thumb Code    70  usb_device_lpcip3511.o(.text.USB_DeviceLpc3511IpSend)
    USB_DeviceLpcIp3511IsrFunction           0x000084f1   Thumb Code   210  usb_device_lpcip3511.o(.text.USB_DeviceLpcIp3511IsrFunction)
    USB_DeviceNotificationTrigger            0x000086a5   Thumb Code   190  usb_device_dci.o(.text.USB_DeviceNotificationTrigger)
    USB_DeviceRecvRequest                    0x00008765   Thumb Code    12  usb_device_dci.o(.text.USB_DeviceRecvRequest)
    USB_DeviceRun                            0x00008771   Thumb Code    32  usb_device_dci.o(.text.USB_DeviceRun)
    USB_DeviceSendRequest                    0x00008791   Thumb Code    16  usb_device_dci.o(.text.USB_DeviceSendRequest)
    USB_DeviceSetStatus                      0x000087a1   Thumb Code   312  usb_device_dci.o(.text.USB_DeviceSetStatus)
    USB_DeviceStallEndpoint                  0x000088d9   Thumb Code    56  usb_device_dci.o(.text.USB_DeviceStallEndpoint)
    USB_DeviceUnstallEndpoint                0x0000898d   Thumb Code    56  usb_device_dci.o(.text.USB_DeviceUnstallEndpoint)
    WM8904_CheckAudioFormat                  0x000089c5   Thumb Code   200  fsl_wm8904.o(.text.WM8904_CheckAudioFormat)
    WM8904_Init                              0x00008af1   Thumb Code   752  fsl_wm8904.o(.text.WM8904_Init)
    WM8904_ModifyRegister                    0x00008e09   Thumb Code   202  fsl_wm8904.o(.text.WM8904_ModifyRegister)
    WM8904_SeMasterClock                     0x00008ed5   Thumb Code   514  fsl_wm8904.o(.text.WM8904_SeMasterClock)
    WM8904_SetChannelMute                    0x000090d9   Thumb Code   100  fsl_wm8904.o(.text.WM8904_SetChannelMute)
    WM8904_SetChannelVolume                  0x0000913d   Thumb Code   132  fsl_wm8904.o(.text.WM8904_SetChannelVolume)
    WM8904_SetFLLConfig                      0x000091f5   Thumb Code   516  fsl_wm8904.o(.text.WM8904_SetFLLConfig)
    WM8904_SetRecord                         0x00009409   Thumb Code   184  fsl_wm8904.o(.text.WM8904_SetRecord)
    WM8904_SetRecordChannel                  0x000094c1   Thumb Code   122  fsl_wm8904.o(.text.WM8904_SetRecordChannel)
    WM8904_WriteRegister                     0x00009689   Thumb Code    92  fsl_wm8904.o(.text.WM8904_WriteRegister)
    __aeabi_assert                           0x000096e5   Thumb Code    16  fsl_assert.o(.text.__aeabi_assert)
    audio_fro_trim_down                      0x00009721   Thumb Code    68  composite.o(.text.audio_fro_trim_down)
    audio_fro_trim_up                        0x00009765   Thumb Code    64  composite.o(.text.audio_fro_trim_up)
    gint0_callback                           0x000097a5   Thumb Code    14  composite.o(.text.gint0_callback)
    main                                     0x0000995d   Thumb Code   546  composite.o(.text.main)
    __scatterload_copy                       0x00009b7f   Thumb Code    14  handlers.o(i.__scatterload_copy)
    __scatterload_null                       0x00009b8d   Thumb Code     2  handlers.o(i.__scatterload_null)
    __scatterload_zeroinit                   0x00009b8f   Thumb Code    14  handlers.o(i.__scatterload_zeroinit)
    Region$$Table$$Base                      0x0000a2c0   Number         0  anon$$obj.o(Region$$Table)
    Region$$Table$$Limit                     0x0000a2e0   Number         0  anon$$obj.o(Region$$Table)
    SystemCoreClock                          0x20000000   Data           4  system_lpc55s69_cm33_core0.o(.data.SystemCoreClock)
    boardCodecConfig                         0x20000004   Data           8  composite.o(.data.boardCodecConfig)
    cb_func_fro                              0x2000000c   Data           4  composite.o(.data.cb_func_fro)
    cb_func_pll                              0x20000010   Data           4  composite.o(.data.cb_func_pll)
    g_UsbDeviceAudioClassRecorder            0x20000038   Data           8  usb_device_descriptor.o(.data.g_UsbDeviceAudioClassRecorder)
    g_UsbDeviceAudioClassSpeaker             0x20000040   Data           8  usb_device_descriptor.o(.data.g_UsbDeviceAudioClassSpeaker)
    g_UsbDeviceAudioControlEndpoints         0x20000048   Data           6  usb_device_descriptor.o(.data.g_UsbDeviceAudioControlEndpoints)
    g_UsbDeviceAudioInterfaceListRecorder    0x20000050   Data           8  usb_device_descriptor.o(.data.g_UsbDeviceAudioInterfaceListRecorder)
    g_UsbDeviceAudioInterfaceListSpeaker     0x20000058   Data           8  usb_device_descriptor.o(.data.g_UsbDeviceAudioInterfaceListSpeaker)
    g_UsbDeviceAudioRecStreamInterface       0x20000060   Data          32  usb_device_descriptor.o(.data.g_UsbDeviceAudioRecStreamInterface)
    g_UsbDeviceAudioRecorderControInterface  0x20000080   Data          16  usb_device_descriptor.o(.data.g_UsbDeviceAudioRecorderControInterface)
    g_UsbDeviceAudioRecorderEndpoints        0x20000090   Data           6  usb_device_descriptor.o(.data.g_UsbDeviceAudioRecorderEndpoints)
    g_UsbDeviceAudioRecorderEntities         0x20000098   Data           8  usb_device_descriptor.o(.data.g_UsbDeviceAudioRecorderEntities)
    g_UsbDeviceAudioRecorderEntity           0x200000a0   Data          12  usb_device_descriptor.o(.data.g_UsbDeviceAudioRecorderEntity)
    g_UsbDeviceAudioRecorderInterfaces       0x200000ac   Data          24  usb_device_descriptor.o(.data.g_UsbDeviceAudioRecorderInterfaces)
    g_UsbDeviceAudioSpeakerControInterface   0x200000c4   Data          16  usb_device_descriptor.o(.data.g_UsbDeviceAudioSpeakerControInterface)
    g_UsbDeviceAudioSpeakerEndpoints         0x200000d4   Data           6  usb_device_descriptor.o(.data.g_UsbDeviceAudioSpeakerEndpoints)
    g_UsbDeviceAudioSpeakerEntities          0x200000dc   Data           8  usb_device_descriptor.o(.data.g_UsbDeviceAudioSpeakerEntities)
    g_UsbDeviceAudioSpeakerEntity            0x200000e4   Data          12  usb_device_descriptor.o(.data.g_UsbDeviceAudioSpeakerEntity)
    g_UsbDeviceAudioSpeakerInterfaces        0x200000f0   Data          24  usb_device_descriptor.o(.data.g_UsbDeviceAudioSpeakerInterfaces)
    g_UsbDeviceAudioSpeakerStreamInterface   0x20000108   Data          48  usb_device_descriptor.o(.data.g_UsbDeviceAudioSpeakerStreamInterface)
    g_UsbDeviceConfigurationDescriptor       0x20000144   Data         271  usb_device_descriptor.o(.data.g_UsbDeviceConfigurationDescriptor)
    g_UsbDeviceDescriptor                    0x20000254   Data          18  usb_device_descriptor.o(.data.g_UsbDeviceDescriptor)
    g_UsbDeviceHidEndpoints                  0x20000266   Data           6  usb_device_descriptor.o(.data.g_UsbDeviceHidEndpoints)
    g_UsbDeviceHidInterface                  0x2000026c   Data          16  usb_device_descriptor.o(.data.g_UsbDeviceHidInterface)
    g_UsbDeviceHidInterfaceList              0x2000027c   Data           8  usb_device_descriptor.o(.data.g_UsbDeviceHidInterfaceList)
    g_UsbDeviceHidInterfaces                 0x20000284   Data          12  usb_device_descriptor.o(.data.g_UsbDeviceHidInterfaces)
    g_UsbDeviceHidKeyboardReportDescriptor   0x20000290   Data          35  usb_device_descriptor.o(.data.g_UsbDeviceHidKeyboardReportDescriptor)
    g_UsbDeviceHidMouseClass                 0x200002b4   Data           8  usb_device_descriptor.o(.data.g_UsbDeviceHidMouseClass)
    g_UsbDeviceLanguage                      0x200002bc   Data          12  usb_device_descriptor.o(.data.g_UsbDeviceLanguage)
    g_UsbDeviceLanguageList                  0x200002c8   Data          16  usb_device_descriptor.o(.data.g_UsbDeviceLanguageList)
    g_UsbDeviceString0                       0x200002d8   Data           4  usb_device_descriptor.o(.data.g_UsbDeviceString0)
    g_UsbDeviceString1                       0x200002dc   Data          38  usb_device_descriptor.o(.data.g_UsbDeviceString1)
    g_UsbDeviceString2                       0x20000304   Data          38  usb_device_descriptor.o(.data.g_UsbDeviceString2)
    g_UsbDeviceStringDescriptorArray         0x2000032c   Data          12  usb_device_descriptor.o(.data.g_UsbDeviceStringDescriptorArray)
    g_UsbDeviceStringDescriptorLength        0x20000338   Data          12  usb_device_descriptor.o(.data.g_UsbDeviceStringDescriptorLength)
    wm8904Config                             0x20000348   Data          36  composite.o(.data.wm8904Config)
    audioPlayDataBuff                        0x20000598   Data       12288  audio_unified.o(.bss.audioPlayDataBuff)
    audioPlayPacket                          0x20003598   Data         384  audio_unified.o(.bss.audioPlayPacket)
    audioRecDataBuff                         0x200037d8   Data        6144  audio_unified.o(.bss.audioRecDataBuff)
    audioRecPacket                           0x20004fd8   Data         192  audio_unified.o(.bss.audioRecPacket)
    codecHandle                              0x2000509c   Data          92  composite.o(.bss.codecHandle)
    g_ButtonPress                            0x20005110   Data           1  composite.o(.bss.g_ButtonPress)
    g_CodecMuteUnmute                        0x20005111   Data           1  audio_unified.o(.bss.g_CodecMuteUnmute)
    g_USBSpeakerAlternateSettingIndex        0x20005112   Data           1  composite.o(.bss.g_USBSpeakerAlternateSettingIndex)
    g_UsbDeviceComposite                     0x20005114   Data           4  hid_keyboard.o(.bss.g_UsbDeviceComposite)
    g_composite                              0x20005118   Data         228  composite.o(.bss.g_composite)
    g_deviceAudioComposite                   0x200051fc   Data           4  audio_unified.o(.bss.g_deviceAudioComposite)
    Image$$ARM_LIB_HEAP$$ZI$$Base            0x20005bc0   Number         0  anon$$obj.o ABSOLUTE
    Image$$ARM_LIB_HEAP$$ZI$$Limit           0x20006bc0   Number         0  anon$$obj.o ABSOLUTE
    Image$$ARM_LIB_STACK$$ZI$$Base           0x20031000   Number         0  anon$$obj.o ABSOLUTE
    Image$$ARM_LIB_STACK$$ZI$$Limit          0x20033000   Number         0  anon$$obj.o ABSOLUTE



==============================================================================

Memory Map of the image

  Image Entry point : 0x00000215

  Load Region LR_m_text (Base: 0x00000000, Size: 0x0000a800, Max: 0x00072000, ABSOLUTE, COMPRESSED[0x0000a600])

    Execution Region VECTOR_ROM (Exec base: 0x00000000, Load base: 0x00000000, Size: 0x00000130, Max: 0x00000200, ABSOLUTE)

    Exec Addr    Load Addr    Size         Type   Attr      Idx    E Section Name        Object

    0x00000000   0x00000000   0x00000130   Data   RO         1171    .isr_vector         startup_lpc55s69_cm33_core0.o


    Execution Region ER_m_text (Exec base: 0x00000200, Load base: 0x00000200, Size: 0x0000a0e0, Max: 0x00071e00, ABSOLUTE, FIXED)

    Exec Addr    Load Addr    Size         Type   Attr      Idx    E Section Name        Object

    0x00000200   0x00000200   0x00000000   Code   RO         1491  * .ARM.Collect$$$$00000000  mc_w.l(entry.o)
    0x00000200   0x00000200   0x00000004   Code   RO         1540    .ARM.Collect$$$$00000003  mc_w.l(entry4.o)
    0x00000204   0x00000204   0x00000004   Code   RO         1543    .ARM.Collect$$$$00000004  mc_w.l(entry5.o)
    0x00000208   0x00000208   0x00000000   Code   RO         1545    .ARM.Collect$$$$00000008  mc_w.l(entry7b.o)
    0x00000208   0x00000208   0x00000000   Code   RO         1547    .ARM.Collect$$$$0000000A  mc_w.l(entry8b.o)
    0x00000208   0x00000208   0x00000008   Code   RO         1548    .ARM.Collect$$$$0000000B  mc_w.l(entry9a.o)
    0x00000210   0x00000210   0x00000000   Code   RO         1550    .ARM.Collect$$$$0000000D  mc_w.l(entry10a.o)
    0x00000210   0x00000210   0x00000000   Code   RO         1552    .ARM.Collect$$$$0000000F  mc_w.l(entry11a.o)
    0x00000210   0x00000210   0x00000004   Code   RO         1541    .ARM.Collect$$$$00002714  mc_w.l(entry4.o)
    0x00000214   0x00000214   0x00000240   Code   RO         1170  * .text               startup_lpc55s69_cm33_core0.o
    0x00000454   0x00000454   0x00000062   Code   RO         1494    .text               mc_w.l(uldiv.o)
    0x000004b6   0x000004b6   0x00000008   Code   RO         1496    .text               mc_w.l(siabs.o)
    0x000004be   0x000004be   0x00000028   Code   RO         1500    .text               mc_w.l(memcpy.o)
    0x000004e6   0x000004e6   0x00000024   Code   RO         1504    .text               mc_w.l(memseta.o)
    0x0000050a   0x0000050a   0x0000000e   Code   RO         1506    .text               mc_w.l(strlen.o)
    0x00000518   0x00000518   0x0000001e   Code   RO         1554    .text               mc_w.l(llshl.o)
    0x00000536   0x00000536   0x00000020   Code   RO         1556    .text               mc_w.l(llushr.o)
    0x00000556   0x00000556   0x00000002   PAD
    0x00000558   0x00000558   0x00000024   Code   RO         1565    .text               mc_w.l(init.o)
    0x0000057c   0x0000057c   0x00000056   Code   RO         1575    .text               mc_w.l(__dczerorl2.o)
    0x000005d2   0x000005d2   0x00000002   PAD
    0x000005d4   0x000005d4   0x0000014c   Code   RO         1061    .text.APPInit       composite.o
    0x00000720   0x00000720   0x0000005e   Code   RO           40    .text.BOARD_BootClockFROHF96M  clock_config.o
    0x0000077e   0x0000077e   0x00000002   PAD
    0x00000780   0x00000780   0x00000076   Code   RO           54    .text.BOARD_InitBootPins  pin_mux.o
    0x000007f6   0x000007f6   0x00000002   PAD
    0x000007f8   0x000007f8   0x0000002a   Code   RO            4    .text.BOARD_InitDebugConsole  board.o
    0x00000822   0x00000822   0x00000002   PAD
    0x00000824   0x00000824   0x00000030   Code   RO         1021    .text.BOARD_SetCodecMuteUnmute  composite.o
    0x00000854   0x00000854   0x0000005a   Code   RO          399    .text.CLOCK_AttachClk  fsl_clock.o
    0x000008ae   0x000008ae   0x00000002   PAD
    0x000008b0   0x000008b0   0x0000010e   Code   RO          489    .text.CLOCK_EnableUsbfs0DeviceClock  fsl_clock.o
    0x000009be   0x000009be   0x00000002   PAD
    0x000009c0   0x000009c0   0x0000001a   Code   RO          427    .text.CLOCK_GetFroHfFreq  fsl_clock.o
    0x000009da   0x000009da   0x00000002   PAD
    0x000009dc   0x000009dc   0x0000000c   Code   RO          423    .text.CLOCK_GetPll0OutFreq  fsl_clock.o
    0x000009e8   0x000009e8   0x00000038   Code   RO          403    .text.CLOCK_SetClkDiv  fsl_clock.o
    0x00000a20   0x00000a20   0x00000102   Code   RO          411    .text.CLOCK_SetFLASHAccessCyclesForFreq  fsl_clock.o
    0x00000b22   0x00000b22   0x00000002   PAD
    0x00000b24   0x00000b24   0x00000142   Code   RO          483    .text.CLOCK_SetPLL0Freq  fsl_clock.o
    0x00000c66   0x00000c66   0x00000002   PAD
    0x00000c68   0x00000c68   0x00000126   Code   RO          485    .text.CLOCK_SetPLL1Freq  fsl_clock.o
    0x00000d8e   0x00000d8e   0x00000002   PAD
    0x00000d90   0x00000d90   0x00000040   Code   RO          413    .text.CLOCK_SetupExtClocking  fsl_clock.o
    0x00000dd0   0x00000dd0   0x00000064   Code   RO          409    .text.CLOCK_SetupFROClocking  fsl_clock.o
    0x00000e34   0x00000e34   0x0000001e   Code   RO           95    .text.CODEC_I2C_Init  fsl_codec_i2c.o
    0x00000e52   0x00000e52   0x00000002   PAD
    0x00000e54   0x00000e54   0x0000002e   Code   RO          101    .text.CODEC_I2C_Receive  fsl_codec_i2c.o
    0x00000e82   0x00000e82   0x00000002   PAD
    0x00000e84   0x00000e84   0x0000002c   Code   RO           99    .text.CODEC_I2C_Send  fsl_codec_i2c.o
    0x00000eb0   0x00000eb0   0x00000048   Code   RO           66    .text.CODEC_Init    fsl_codec_common.o
    0x00000ef8   0x00000ef8   0x00000048   Code   RO           76    .text.CODEC_SetMute  fsl_codec_common.o
    0x00000f40   0x00000f40   0x00000080   Code   RO           74    .text.CODEC_SetVolume  fsl_codec_common.o
    0x00000fc0   0x00000fc0   0x0000005e   Code   RO          560    .text.CTIMER0_DriverIRQHandler  fsl_ctimer.o
    0x0000101e   0x0000101e   0x00000002   PAD
    0x00001020   0x00001020   0x0000005e   Code   RO          562    .text.CTIMER1_DriverIRQHandler  fsl_ctimer.o
    0x0000107e   0x0000107e   0x00000002   PAD
    0x00001080   0x00001080   0x0000005e   Code   RO          564    .text.CTIMER2_DriverIRQHandler  fsl_ctimer.o
    0x000010de   0x000010de   0x00000002   PAD
    0x000010e0   0x000010e0   0x0000005e   Code   RO          566    .text.CTIMER3_DriverIRQHandler  fsl_ctimer.o
    0x0000113e   0x0000113e   0x00000002   PAD
    0x00001140   0x00001140   0x0000005e   Code   RO          568    .text.CTIMER4_DriverIRQHandler  fsl_ctimer.o
    0x0000119e   0x0000119e   0x00000002   PAD
    0x000011a0   0x000011a0   0x000000a6   Code   RO         1051    .text.CTIMER_CaptureInit  composite.o
    0x00001246   0x00001246   0x00000002   PAD
    0x00001248   0x00001248   0x0000002c   Code   RO          544    .text.CTIMER_GetDefaultConfig  fsl_ctimer.o
    0x00001274   0x00001274   0x000000b4   Code   RO          540    .text.CTIMER_Init   fsl_ctimer.o
    0x00001328   0x00001328   0x00000052   Code   RO          558    .text.CTIMER_RegisterCallBack  fsl_ctimer.o
    0x0000137a   0x0000137a   0x00000002   PAD
    0x0000137c   0x0000137c   0x00000186   Code   RO          964    .text.CTIMER_SOF_TOGGLE_HANDLER_FRO  audio_unified.o
    0x00001502   0x00001502   0x00000002   PAD
    0x00001504   0x00001504   0x0000016e   Code   RO          966    .text.CTIMER_SOF_TOGGLE_HANDLER_PLL  audio_unified.o
    0x00001672   0x00001672   0x00000002   PAD
    0x00001674   0x00001674   0x00000086   Code   RO          556    .text.CTIMER_SetupCapture  fsl_ctimer.o
    0x000016fa   0x000016fa   0x00000002   PAD
    0x000016fc   0x000016fc   0x00000010   Code   RO          626    .text.DMA0_DriverIRQHandler  fsl_dma.o
    0x0000170c   0x0000170c   0x00000010   Code   RO          628    .text.DMA1_DriverIRQHandler  fsl_dma.o
    0x0000171c   0x0000171c   0x00000086   Code   RO          598    .text.DMA_AbortTransfer  fsl_dma.o
    0x000017a2   0x000017a2   0x00000002   PAD
    0x000017a4   0x000017a4   0x000000d8   Code   RO          600    .text.DMA_CreateHandle  fsl_dma.o
    0x0000187c   0x0000187c   0x000000e8   Code   RO          624    .text.DMA_IRQHandle  fsl_dma.o
    0x00001964   0x00001964   0x000000a8   Code   RO          584    .text.DMA_Init      fsl_dma.o
    0x00001a0c   0x00001a0c   0x0000002c   Code   RO          602    .text.DMA_SetCallback  fsl_dma.o
    0x00001a38   0x00001a38   0x0000008c   Code   RO          592    .text.DMA_SetupDescriptor  fsl_dma.o
    0x00001ac4   0x00001ac4   0x00000068   Code   RO          622    .text.DMA_StartTransfer  fsl_dma.o
    0x00001b2c   0x00001b2c   0x0000013c   Code   RO          614    .text.DMA_SubmitChannelTransferParameter  fsl_dma.o
    0x00001c68   0x00001c68   0x0000004e   Code   RO         1435    .text.DbgConsole_Init  fsl_debug_console.o
    0x00001cb6   0x00001cb6   0x00000002   PAD
    0x00001cb8   0x00001cb8   0x000003d0   Code   RO         1439    .text.DbgConsole_Printf  fsl_debug_console.o
    0x00002088   0x00002088   0x0000003a   Code   RO          651    .text.FLEXCOMM0_DriverIRQHandler  fsl_flexcomm.o
    0x000020c2   0x000020c2   0x00000002   PAD
    0x000020c4   0x000020c4   0x0000003a   Code   RO          653    .text.FLEXCOMM1_DriverIRQHandler  fsl_flexcomm.o
    0x000020fe   0x000020fe   0x00000002   PAD
    0x00002100   0x00002100   0x0000003a   Code   RO          655    .text.FLEXCOMM2_DriverIRQHandler  fsl_flexcomm.o
    0x0000213a   0x0000213a   0x00000002   PAD
    0x0000213c   0x0000213c   0x0000003a   Code   RO          657    .text.FLEXCOMM3_DriverIRQHandler  fsl_flexcomm.o
    0x00002176   0x00002176   0x00000002   PAD
    0x00002178   0x00002178   0x0000003a   Code   RO          659    .text.FLEXCOMM4_DriverIRQHandler  fsl_flexcomm.o
    0x000021b2   0x000021b2   0x00000002   PAD
    0x000021b4   0x000021b4   0x0000003a   Code   RO          661    .text.FLEXCOMM5_DriverIRQHandler  fsl_flexcomm.o
    0x000021ee   0x000021ee   0x00000002   PAD
    0x000021f0   0x000021f0   0x0000003c   Code   RO          663    .text.FLEXCOMM6_DriverIRQHandler  fsl_flexcomm.o
    0x0000222c   0x0000222c   0x0000003c   Code   RO          665    .text.FLEXCOMM7_DriverIRQHandler  fsl_flexcomm.o
    0x00002268   0x00002268   0x0000003c   Code   RO          667    .text.FLEXCOMM8_DriverIRQHandler  fsl_flexcomm.o
    0x000022a4   0x000022a4   0x000000cc   Code   RO          647    .text.FLEXCOMM_Init  fsl_flexcomm.o
    0x00002370   0x00002370   0x00000024   Code   RO          699    .text.GINT0_DriverIRQHandler  fsl_gint.o
    0x00002394   0x00002394   0x00000024   Code   RO          701    .text.GINT1_DriverIRQHandler  fsl_gint.o
    0x000023b8   0x000023b8   0x0000000a   Code   RO          689    .text.GINT_ConfigPins  fsl_gint.o
    0x000023c2   0x000023c2   0x00000002   PAD
    0x000023c4   0x000023c4   0x0000006c   Code   RO          693    .text.GINT_EnableCallback  fsl_gint.o
    0x00002430   0x00002430   0x00000070   Code   RO          683    .text.GINT_Init     fsl_gint.o
    0x000024a0   0x000024a0   0x00000052   Code   RO          685    .text.GINT_SetCtrl  fsl_gint.o
    0x000024f2   0x000024f2   0x00000002   PAD
    0x000024f4   0x000024f4   0x00000058   Code   RO          171    .text.HAL_CODEC_WM8904_Init  fsl_codec_wm8904_adapter.o
    0x0000254c   0x0000254c   0x00000022   Code   RO          179    .text.HAL_CODEC_WM8904_SetMute  fsl_codec_wm8904_adapter.o
    0x0000256e   0x0000256e   0x00000002   PAD
    0x00002570   0x00002570   0x00000098   Code   RO          177    .text.HAL_CODEC_WM8904_SetVolume  fsl_codec_wm8904_adapter.o
    0x00002608   0x00002608   0x0000006a   Code   RO          201    .text.HAL_I2cMasterInit  fsl_adapter_flexcomm_i2c.o
    0x00002672   0x00002672   0x00000002   PAD
    0x00002674   0x00002674   0x000000d0   Code   RO          217    .text.HAL_I2cMasterTransferBlocking  fsl_adapter_flexcomm_i2c.o
    0x00002744   0x00002744   0x000000e8   Code   RO          358    .text.HAL_UartInit  fsl_adapter_usart.o
    0x0000282c   0x0000282c   0x0000006c   Code   RO          362    .text.HAL_UartReceiveBlocking  fsl_adapter_usart.o
    0x00002898   0x00002898   0x00000066   Code   RO          364    .text.HAL_UartSendBlocking  fsl_adapter_usart.o
    0x000028fe   0x000028fe   0x00000002   PAD
    0x00002900   0x00002900   0x00000110   Code   RO          754    .text.I2C_MasterCheckStartResponse  fsl_i2c.o
    0x00002a10   0x00002a10   0x00000022   Code   RO          732    .text.I2C_MasterGetDefaultConfig  fsl_i2c.o
    0x00002a32   0x00002a32   0x00000002   PAD
    0x00002a34   0x00002a34   0x00000084   Code   RO          734    .text.I2C_MasterInit  fsl_i2c.o
    0x00002ab8   0x00002ab8   0x0000018c   Code   RO          750    .text.I2C_MasterReadBlocking  fsl_i2c.o
    0x00002c44   0x00002c44   0x000000a6   Code   RO          756    .text.I2C_MasterRepeatedStart  fsl_i2c.o
    0x00002cea   0x00002cea   0x00000002   PAD
    0x00002cec   0x00002cec   0x000000d8   Code   RO          736    .text.I2C_MasterSetBaudRate  fsl_i2c.o
    0x00002dc4   0x00002dc4   0x00000092   Code   RO          746    .text.I2C_MasterStop  fsl_i2c.o
    0x00002e56   0x00002e56   0x00000002   PAD
    0x00002e58   0x00002e58   0x000001f8   Code   RO          752    .text.I2C_MasterTransferBlocking  fsl_i2c.o
    0x00003050   0x00003050   0x00000274   Code   RO          748    .text.I2C_MasterWriteBlocking  fsl_i2c.o
    0x000032c4   0x000032c4   0x000001c6   Code   RO          862    .text.I2S_AddTransferDMA  fsl_i2s_dma.o
    0x0000348a   0x0000348a   0x00000002   PAD
    0x0000348c   0x0000348c   0x0000008c   Code   RO          809    .text.I2S_Config    fsl_i2s.o
    0x00003518   0x00003518   0x0000009a   Code   RO          854    .text.I2S_DMACallback  fsl_i2s_dma.o
    0x000035b2   0x000035b2   0x00000002   PAD
    0x000035b4   0x000035b4   0x00000148   Code   RO          858    .text.I2S_EnqueueUserBuffer  fsl_i2s_dma.o
    0x000036fc   0x000036fc   0x00000020   Code   RO          815    .text.I2S_RxGetDefaultConfig  fsl_i2s.o
    0x0000371c   0x0000371c   0x00000030   Code   RO          811    .text.I2S_RxInit    fsl_i2s.o
    0x0000374c   0x0000374c   0x00000014   Code   RO          866    .text.I2S_RxTransferCreateHandleDMA  fsl_i2s_dma.o
    0x00003760   0x00003760   0x000000ac   Code   RO          868    .text.I2S_RxTransferReceiveDMA  fsl_i2s_dma.o
    0x0000380c   0x0000380c   0x00000200   Code   RO          860    .text.I2S_StartTransferDMA  fsl_i2s_dma.o
    0x00003a0c   0x00003a0c   0x0000015c   Code   RO          864    .text.I2S_TransferAbortDMA  fsl_i2s_dma.o
    0x00003b68   0x00003b68   0x00000024   Code   RO          813    .text.I2S_TxGetDefaultConfig  fsl_i2s.o
    0x00003b8c   0x00003b8c   0x0000003c   Code   RO          807    .text.I2S_TxInit    fsl_i2s.o
    0x00003bc8   0x00003bc8   0x000000ec   Code   RO          852    .text.I2S_TxTransferCreateHandleDMA  fsl_i2s_dma.o
    0x00003cb4   0x00003cb4   0x000000ac   Code   RO          856    .text.I2S_TxTransferSendDMA  fsl_i2s_dma.o
    0x00003d60   0x00003d60   0x000001ea   Code   RO         1045    .text.Init_Board_Audio  composite.o
    0x00003f4a   0x00003f4a   0x00000002   PAD
    0x00003f4c   0x00003f4c   0x000001f6   Code   RO         1047    .text.Init_Board_Audio_32bit  composite.o
    0x00004142   0x00004142   0x00000002   PAD
    0x00004144   0x00004144   0x0000000e   Code   RO          287    .text.OSA_EnterCritical  fsl_os_abstraction_bm.o
    0x00004152   0x00004152   0x00000002   PAD
    0x00004154   0x00004154   0x00000006   Code   RO          289    .text.OSA_ExitCritical  fsl_os_abstraction_bm.o
    0x0000415a   0x0000415a   0x00000002   PAD
    0x0000415c   0x0000415c   0x0000002c   Code   RO         1472    .text.POWER_SetVoltageForFreq  keil_lib_power_cm33_core0.lib(fsl_power_lib.o)
    0x00004188   0x00004188   0x00000042   Code   RO          886    .text.RESET_ClearPeripheralReset  fsl_reset.o
    0x000041ca   0x000041ca   0x00000002   PAD
    0x000041cc   0x000041cc   0x00000052   Code   RO          888    .text.RESET_PeripheralReset  fsl_reset.o
    0x0000421e   0x0000421e   0x00000002   PAD
    0x00004220   0x00004220   0x0000005c   Code   RO         1039    .text.RxCallback    composite.o
    0x0000427c   0x0000427c   0x0000006c   Code   RO          531    .text.SDK_DelayAtLeastUs  fsl_common_arm.o
    0x000042e8   0x000042e8   0x00000048   Code   RO          380    .text.SystemInit    system_lpc55s69_cm33_core0.o
    0x00004330   0x00004330   0x00000002   Code   RO          382    .text.SystemInitHook  system_lpc55s69_cm33_core0.o
    0x00004332   0x00004332   0x00000002   PAD
    0x00004334   0x00004334   0x00000090   Code   RO         1037    .text.TxCallback    composite.o
    0x000043c4   0x000043c4   0x00000044   Code   RO          913    .text.USART_GetDefaultConfig  fsl_usart.o
    0x00004408   0x00004408   0x0000017c   Code   RO          907    .text.USART_Init    fsl_usart.o
    0x00004584   0x00004584   0x000000a6   Code   RO          923    .text.USART_ReadBlocking  fsl_usart.o
    0x0000462a   0x0000462a   0x00000002   PAD
    0x0000462c   0x0000462c   0x000000e8   Code   RO          909    .text.USART_SetBaudRate  fsl_usart.o
    0x00004714   0x00004714   0x0000004a   Code   RO          921    .text.USART_WriteBlocking  fsl_usart.o
    0x0000475e   0x0000475e   0x00000002   PAD
    0x00004760   0x00004760   0x00000012   Code   RO         1053    .text.USB0_IRQHandler  composite.o
    0x00004772   0x00004772   0x00000002   PAD
    0x00004774   0x00004774   0x000000b0   Code   RO          980    .text.USB_AudioCodecTask  audio_unified.o
    0x00004824   0x00004824   0x00000018   Code   RO         1049    .text.USB_AudioPllChange  composite.o
    0x0000483c   0x0000483c   0x00000036   Code   RO          954    .text.USB_AudioSpeakerBufferSpaceUsed  audio_unified.o
    0x00004872   0x00004872   0x00000002   PAD
    0x00004874   0x00004874   0x000000e6   Code   RO          960    .text.USB_AudioSpeakerPutBuffer  audio_unified.o
    0x0000495a   0x0000495a   0x00000002   PAD
    0x0000495c   0x0000495c   0x00000070   Code   RO          982    .text.USB_AudioSpeakerResetTask  audio_unified.o
    0x000049cc   0x000049cc   0x00000138   Code   RO          962    .text.USB_DeviceAudioCompositeCallback  audio_unified.o
    0x00004b04   0x00004b04   0x00000108   Code   RO          978    .text.USB_DeviceAudioCompositeInit  audio_unified.o
    0x00004c0c   0x00004c0c   0x00000018   Code   RO          972    .text.USB_DeviceAudioCompositeSetConfigure  audio_unified.o
    0x00004c24   0x00004c24   0x0000003e   Code   RO         1189    .text.USB_DeviceAudioControlEndpointsDeinit  usb_device_audio.o
    0x00004c62   0x00004c62   0x00000002   PAD
    0x00004c64   0x00004c64   0x00000106   Code   RO         1187    .text.USB_DeviceAudioControlEndpointsInit  usb_device_audio.o
    0x00004d6a   0x00004d6a   0x00000002   PAD
    0x00004d6c   0x00004d6c   0x00000066   Code   RO         1227    .text.USB_DeviceAudioDeinit  usb_device_audio.o
    0x00004dd2   0x00004dd2   0x00000002   PAD
    0x00004dd4   0x00004dd4   0x000002ae   Code   RO         1223    .text.USB_DeviceAudioEvent  usb_device_audio.o
    0x00005082   0x00005082   0x00000002   PAD
    0x00005084   0x00005084   0x00000186   Code   RO         1195    .text.USB_DeviceAudioGetFeatureUnit  usb_device_audio.o
    0x0000520a   0x0000520a   0x00000002   PAD
    0x0000520c   0x0000520c   0x00000088   Code   RO         1213    .text.USB_DeviceAudioGetRequestEndpoint  usb_device_audio.o
    0x00005294   0x00005294   0x00000094   Code   RO         1221    .text.USB_DeviceAudioGetRequestInterface  usb_device_audio.o
    0x00005328   0x00005328   0x0000007a   Code   RO         1225    .text.USB_DeviceAudioInit  usb_device_audio.o
    0x000053a2   0x000053a2   0x00000002   PAD
    0x000053a4   0x000053a4   0x00000028   Code   RO         1177    .text.USB_DeviceAudioInterruptIn  usb_device_audio.o
    0x000053cc   0x000053cc   0x0000002c   Code   RO         1179    .text.USB_DeviceAudioIsochronousIn  usb_device_audio.o
    0x000053f8   0x000053f8   0x0000002c   Code   RO         1181    .text.USB_DeviceAudioIsochronousOut  usb_device_audio.o
    0x00005424   0x00005424   0x00000042   Code   RO          974    .text.USB_DeviceAudioRecorderSetInterface  audio_unified.o
    0x00005466   0x00005466   0x00000002   PAD
    0x00005468   0x00005468   0x0000002e   Code   RO         1231    .text.USB_DeviceAudioRecv  usb_device_audio.o
    0x00005496   0x00005496   0x00000002   PAD
    0x00005498   0x00005498   0x00000524   Code   RO          952    .text.USB_DeviceAudioRequest  audio_unified.o
    0x000059bc   0x000059bc   0x0000002e   Code   RO         1229    .text.USB_DeviceAudioSend  usb_device_audio.o
    0x000059ea   0x000059ea   0x00000002   PAD
    0x000059ec   0x000059ec   0x00000186   Code   RO         1203    .text.USB_DeviceAudioSetFeatureUnit  usb_device_audio.o
    0x00005b72   0x00005b72   0x00000002   PAD
    0x00005b74   0x00005b74   0x0000008a   Code   RO         1211    .text.USB_DeviceAudioSetRequestEndpoint  usb_device_audio.o
    0x00005bfe   0x00005bfe   0x00000002   PAD
    0x00005c00   0x00005c00   0x00000094   Code   RO         1219    .text.USB_DeviceAudioSetRequestInterface  usb_device_audio.o
    0x00005c94   0x00005c94   0x0000012c   Code   RO          976    .text.USB_DeviceAudioSpeakerSetInterface  audio_unified.o
    0x00005dc0   0x00005dc0   0x00000066   Code   RO          970    .text.USB_DeviceAudioSpeakerStatusReset  audio_unified.o
    0x00005e26   0x00005e26   0x00000002   PAD
    0x00005e28   0x00005e28   0x000000c4   Code   RO         1185    .text.USB_DeviceAudioStreamEndpointsDeinit  usb_device_audio.o
    0x00005eec   0x00005eec   0x00000106   Code   RO         1183    .text.USB_DeviceAudioStreamEndpointsInit  usb_device_audio.o
    0x00005ff2   0x00005ff2   0x00000002   PAD
    0x00005ff4   0x00005ff4   0x000001c2   Code   RO         1059    .text.USB_DeviceCallback  composite.o
    0x000061b6   0x000061b6   0x00000002   PAD
    0x000061b8   0x000061b8   0x0000005a   Code   RO         1348    .text.USB_DeviceCh9GetConfiguration  usb_device_ch9.o
    0x00006212   0x00006212   0x00000002   PAD
    0x00006214   0x00006214   0x00000132   Code   RO         1346    .text.USB_DeviceCh9GetDescriptor  usb_device_ch9.o
    0x00006346   0x00006346   0x00000002   PAD
    0x00006348   0x00006348   0x0000005c   Code   RO         1352    .text.USB_DeviceCh9GetInterface  usb_device_ch9.o
    0x000063a4   0x000063a4   0x0000009a   Code   RO         1340    .text.USB_DeviceCh9GetStatus  usb_device_ch9.o
    0x0000643e   0x0000643e   0x00000002   PAD
    0x00006440   0x00006440   0x00000064   Code   RO         1344    .text.USB_DeviceCh9SetAddress  usb_device_ch9.o
    0x000064a4   0x000064a4   0x0000009e   Code   RO         1342    .text.USB_DeviceCh9SetClearFeature  usb_device_ch9.o
    0x00006542   0x00006542   0x00000002   PAD
    0x00006544   0x00006544   0x0000007a   Code   RO         1350    .text.USB_DeviceCh9SetConfiguration  usb_device_ch9.o
    0x000065be   0x000065be   0x00000002   PAD
    0x000065c0   0x000065c0   0x0000005a   Code   RO         1354    .text.USB_DeviceCh9SetInterface  usb_device_ch9.o
    0x0000661a   0x0000661a   0x00000002   PAD
    0x0000661c   0x0000661c   0x0000005c   Code   RO         1356    .text.USB_DeviceCh9SynchFrame  usb_device_ch9.o
    0x00006678   0x00006678   0x00000068   Code   RO         1273    .text.USB_DeviceClassCallback  usb_device_class.o
    0x000066e0   0x000066e0   0x000000a2   Code   RO         1271    .text.USB_DeviceClassEvent  usb_device_class.o
    0x00006782   0x00006782   0x00000002   PAD
    0x00006784   0x00006784   0x00000032   Code   RO         1269    .text.USB_DeviceClassGetDeviceHandle  usb_device_class.o
    0x000067b6   0x000067b6   0x00000002   PAD
    0x000067b8   0x000067b8   0x00000100   Code   RO         1275    .text.USB_DeviceClassInit  usb_device_class.o
    0x000068b8   0x000068b8   0x00000264   Code   RO         1336    .text.USB_DeviceControlCallback  usb_device_ch9.o
    0x00006b1c   0x00006b1c   0x0000005e   Code   RO         1338    .text.USB_DeviceControlCallbackFeedback  usb_device_ch9.o
    0x00006b7a   0x00006b7a   0x00000002   PAD
    0x00006b7c   0x00006b7c   0x00000052   Code   RO         1334    .text.USB_DeviceControlPipeInit  usb_device_ch9.o
    0x00006bce   0x00006bce   0x00000002   PAD
    0x00006bd0   0x00006bd0   0x00000034   Code   RO         1370    .text.USB_DeviceDeinit  usb_device_dci.o
    0x00006c04   0x00006c04   0x00000052   Code   RO         1386    .text.USB_DeviceDeinitEndpoint  usb_device_dci.o
    0x00006c56   0x00006c56   0x00000002   PAD
    0x00006c58   0x00006c58   0x0000001e   Code   RO         1123    .text.USB_DeviceGetConfigurationDescriptor  usb_device_descriptor.o
    0x00006c76   0x00006c76   0x00000002   PAD
    0x00006c78   0x00006c78   0x00000012   Code   RO         1121    .text.USB_DeviceGetDeviceDescriptor  usb_device_descriptor.o
    0x00006c8a   0x00006c8a   0x00000002   PAD
    0x00006c8c   0x00006c8c   0x0000001c   Code   RO         1127    .text.USB_DeviceGetHidReportDescriptor  usb_device_descriptor.o
    0x00006ca8   0x00006ca8   0x00000106   Code   RO         1392    .text.USB_DeviceGetStatus  usb_device_dci.o
    0x00006dae   0x00006dae   0x00000002   PAD
    0x00006db0   0x00006db0   0x00000068   Code   RO         1125    .text.USB_DeviceGetStringDescriptor  usb_device_descriptor.o
    0x00006e18   0x00006e18   0x0000004c   Code   RO         1254    .text.USB_DeviceHidDeinit  usb_device_hid.o
    0x00006e64   0x00006e64   0x0000003e   Code   RO         1244    .text.USB_DeviceHidEndpointsDeinit  usb_device_hid.o
    0x00006ea2   0x00006ea2   0x00000002   PAD
    0x00006ea4   0x00006ea4   0x00000114   Code   RO         1246    .text.USB_DeviceHidEndpointsInit  usb_device_hid.o
    0x00006fb8   0x00006fb8   0x000003d6   Code   RO         1242    .text.USB_DeviceHidEvent  usb_device_hid.o
    0x0000738e   0x0000738e   0x00000002   PAD
    0x00007390   0x00007390   0x00000046   Code   RO         1252    .text.USB_DeviceHidInit  usb_device_hid.o
    0x000073d6   0x000073d6   0x00000002   PAD
    0x000073d8   0x000073d8   0x0000002e   Code   RO         1248    .text.USB_DeviceHidInterruptIn  usb_device_hid.o
    0x00007406   0x00007406   0x00000002   PAD
    0x00007408   0x00007408   0x0000002e   Code   RO         1250    .text.USB_DeviceHidInterruptOut  usb_device_hid.o
    0x00007436   0x00007436   0x00000002   PAD
    0x00007438   0x00007438   0x00000056   Code   RO         1100    .text.USB_DeviceHidKeyboardAction  hid_keyboard.o
    0x0000748e   0x0000748e   0x00000002   PAD
    0x00007490   0x00007490   0x00000088   Code   RO         1102    .text.USB_DeviceHidKeyboardCallback  hid_keyboard.o
    0x00007518   0x00007518   0x00000020   Code   RO         1108    .text.USB_DeviceHidKeyboardInit  hid_keyboard.o
    0x00007538   0x00007538   0x0000005e   Code   RO         1104    .text.USB_DeviceHidKeyboardSetConfigure  hid_keyboard.o
    0x00007596   0x00007596   0x00000002   PAD
    0x00007598   0x00007598   0x00000040   Code   RO         1256    .text.USB_DeviceHidSend  usb_device_hid.o
    0x000075d8   0x000075d8   0x00000120   Code   RO         1368    .text.USB_DeviceInit  usb_device_dci.o
    0x000076f8   0x000076f8   0x0000006c   Code   RO         1384    .text.USB_DeviceInitEndpoint  usb_device_dci.o
    0x00007764   0x00007764   0x00000194   Code   RO         1305    .text.USB_DeviceLpc3511IpCancel  usb_device_lpcip3511.o
    0x000078f8   0x000078f8   0x00000374   Code   RO         1307    .text.USB_DeviceLpc3511IpControl  usb_device_lpcip3511.o
    0x00007c6c   0x00007c6c   0x0000010a   Code   RO         1297    .text.USB_DeviceLpc3511IpDeinit  usb_device_lpcip3511.o
    0x00007d76   0x00007d76   0x00000002   PAD
    0x00007d78   0x00007d78   0x0000004c   Code   RO         1321    .text.USB_DeviceLpc3511IpDoPreviousTransactionMemcpy  usb_device_lpcip3511.o
    0x00007dc4   0x00007dc4   0x000000e2   Code   RO         1309    .text.USB_DeviceLpc3511IpEndpointDeinit  usb_device_lpcip3511.o
    0x00007ea6   0x00007ea6   0x00000002   PAD
    0x00007ea8   0x00007ea8   0x00000098   Code   RO         1317    .text.USB_DeviceLpc3511IpEndpointPrime  usb_device_lpcip3511.o
    0x00007f40   0x00007f40   0x000000a0   Code   RO         1315    .text.USB_DeviceLpc3511IpGetActualBufferAndPrime  usb_device_lpcip3511.o
    0x00007fe0   0x00007fe0   0x000000c0   Code   RO         1293    .text.USB_DeviceLpc3511IpInit  usb_device_lpcip3511.o
    0x000080a0   0x000080a0   0x0000027a   Code   RO         1313    .text.USB_DeviceLpc3511IpInterruptToken  usb_device_lpcip3511.o
    0x0000831a   0x0000831a   0x00000002   PAD
    0x0000831c   0x0000831c   0x00000046   Code   RO         1303    .text.USB_DeviceLpc3511IpRecv  usb_device_lpcip3511.o
    0x00008362   0x00008362   0x00000002   PAD
    0x00008364   0x00008364   0x00000046   Code   RO         1299    .text.USB_DeviceLpc3511IpSend  usb_device_lpcip3511.o
    0x000083aa   0x000083aa   0x00000002   PAD
    0x000083ac   0x000083ac   0x0000004e   Code   RO         1319    .text.USB_DeviceLpc3511IpTokenUpdate  usb_device_lpcip3511.o
    0x000083fa   0x000083fa   0x00000002   PAD
    0x000083fc   0x000083fc   0x000000f4   Code   RO         1301    .text.USB_DeviceLpc3511IpTransaction  usb_device_lpcip3511.o
    0x000084f0   0x000084f0   0x000000d2   Code   RO         1311    .text.USB_DeviceLpcIp3511IsrFunction  usb_device_lpcip3511.o
    0x000085c2   0x000085c2   0x00000002   PAD
    0x000085c4   0x000085c4   0x000000e0   Code   RO         1295    .text.USB_DeviceLpcIp3511MallocMaxPacketBuffer  usb_device_lpcip3511.o
    0x000086a4   0x000086a4   0x000000be   Code   RO         1366    .text.USB_DeviceNotificationTrigger  usb_device_dci.o
    0x00008762   0x00008762   0x00000002   PAD
    0x00008764   0x00008764   0x0000000c   Code   RO         1380    .text.USB_DeviceRecvRequest  usb_device_dci.o
    0x00008770   0x00008770   0x00000020   Code   RO         1372    .text.USB_DeviceRun  usb_device_dci.o
    0x00008790   0x00008790   0x00000010   Code   RO         1376    .text.USB_DeviceSendRequest  usb_device_dci.o
    0x000087a0   0x000087a0   0x00000138   Code   RO         1394    .text.USB_DeviceSetStatus  usb_device_dci.o
    0x000088d8   0x000088d8   0x00000038   Code   RO         1388    .text.USB_DeviceStallEndpoint  usb_device_dci.o
    0x00008910   0x00008910   0x0000007a   Code   RO         1378    .text.USB_DeviceTransfer  usb_device_dci.o
    0x0000898a   0x0000898a   0x00000002   PAD
    0x0000898c   0x0000898c   0x00000038   Code   RO         1390    .text.USB_DeviceUnstallEndpoint  usb_device_dci.o
    0x000089c4   0x000089c4   0x0000012c   Code   RO          125    .text.WM8904_CheckAudioFormat  fsl_wm8904.o
    0x00008af0   0x00008af0   0x00000318   Code   RO          117    .text.WM8904_Init   fsl_wm8904.o
    0x00008e08   0x00008e08   0x000000ca   Code   RO          115    .text.WM8904_ModifyRegister  fsl_wm8904.o
    0x00008ed2   0x00008ed2   0x00000002   PAD
    0x00008ed4   0x00008ed4   0x00000202   Code   RO          127    .text.WM8904_SeMasterClock  fsl_wm8904.o
    0x000090d6   0x000090d6   0x00000002   PAD
    0x000090d8   0x000090d8   0x00000064   Code   RO          157    .text.WM8904_SetChannelMute  fsl_wm8904.o
    0x0000913c   0x0000913c   0x000000b8   Code   RO          155    .text.WM8904_SetChannelVolume  fsl_wm8904.o
    0x000091f4   0x000091f4   0x00000214   Code   RO          123    .text.WM8904_SetFLLConfig  fsl_wm8904.o
    0x00009408   0x00009408   0x000000b8   Code   RO          129    .text.WM8904_SetRecord  fsl_wm8904.o
    0x000094c0   0x000094c0   0x0000007a   Code   RO          131    .text.WM8904_SetRecordChannel  fsl_wm8904.o
    0x0000953a   0x0000953a   0x00000002   PAD
    0x0000953c   0x0000953c   0x000000e0   Code   RO          147    .text.WM8904_UpdateFormat  fsl_wm8904.o
    0x0000961c   0x0000961c   0x0000006c   Code   RO          119    .text.WM8904_WaitOnWriteSequencer  fsl_wm8904.o
    0x00009688   0x00009688   0x0000005c   Code   RO          111    .text.WM8904_WriteRegister  fsl_wm8904.o
    0x000096e4   0x000096e4   0x0000003c   Code   RO         1426    .text.__aeabi_assert  fsl_assert.o
    0x00009720   0x00009720   0x00000044   Code   RO         1007    .text.audio_fro_trim_down  composite.o
    0x00009764   0x00009764   0x00000040   Code   RO         1005    .text.audio_fro_trim_up  composite.o
    0x000097a4   0x000097a4   0x0000000e   Code   RO         1013    .text.gint0_callback  composite.o
    0x000097b2   0x000097b2   0x00000002   PAD
    0x000097b4   0x000097b4   0x00000048   Code   RO         1474    .text.lowpower_set_dcdc_power_profile  keil_lib_power_cm33_core0.lib(fsl_power_lib.o)
    0x000097fc   0x000097fc   0x000000cc   Code   RO         1488    .text.lowpower_set_system_voltage  keil_lib_power_cm33_core0.lib(fsl_power_lib.o)
    0x000098c8   0x000098c8   0x00000094   Code   RO         1476    .text.lowpower_set_voltage_for_process  keil_lib_power_cm33_core0.lib(fsl_power_lib.o)
    0x0000995c   0x0000995c   0x00000222   Code   RO         1063    .text.main          composite.o
    0x00009b7e   0x00009b7e   0x0000000e   Code   RO         1569    i.__scatterload_copy  mc_w.l(handlers.o)
    0x00009b8c   0x00009b8c   0x00000002   Code   RO         1570    i.__scatterload_null  mc_w.l(handlers.o)
    0x00009b8e   0x00009b8e   0x0000000e   Code   RO         1571    i.__scatterload_zeroinit  mc_w.l(handlers.o)
    0x00009b9c   0x00009b9c   0x00000020   Data   RO          240    .rodata.cst32       fsl_adapter_flexcomm_i2c.o
    0x00009bbc   0x00009bbc   0x00000020   Data   RO          371    .rodata.cst32       fsl_adapter_usart.o
    0x00009bdc   0x00009bdc   0x00000020   Data   RO          505    .rodata.cst32       fsl_clock.o
    0x00009bfc   0x00009bfc   0x00000020   Data   RO          872    .rodata.cst32       fsl_i2s_dma.o
    0x00009c1c   0x00009c1c   0x00000020   Data   RO         1089    .rodata.cst32       composite.o
    0x00009c3c   0x00009c3c   0x00000004   Data   RO          630    .rodata.cst4        fsl_dma.o
    0x00009c40   0x00009c40   0x00000004   Data   RO          704    .rodata.cst4        fsl_gint.o
    0x00009c44   0x00009c44   0x00000008   Data   RO          634    .rodata.cst8        fsl_dma.o
    0x00009c4c   0x00009c4c   0x00000010   Data   RO          705    .rodata.cst8        fsl_gint.o
    0x00009c5c   0x00009c5c   0x00000030   Data   RO         1284    .rodata.s_UsbDeviceClassInterfaceMap  usb_device_class.o
    0x00009c8c   0x00009c8c   0x00000018   Data   RO         1399    .rodata.s_UsbDeviceLpc3511IpInterface  usb_device_dci.o
    0x00009ca4   0x00009ca4   0x00000014   Data   RO          575    .rodata.s_ctimerBases  fsl_ctimer.o
    0x00009cb8   0x00009cb8   0x0000000a   Data   RO          571    .rodata.s_ctimerClocks  fsl_ctimer.o
    0x00009cc2   0x00009cc2   0x00000005   Data   RO          572    .rodata.s_ctimerIRQ  fsl_ctimer.o
    0x00009cc7   0x00009cc7   0x00000001   PAD
    0x00009cc8   0x00009cc8   0x00000008   Data   RO          631    .rodata.s_dma_descriptor_table  fsl_dma.o
    0x00009cd0   0x00009cd0   0x00000024   Data   RO          670    .rodata.s_flexcommBaseAddrs  fsl_flexcomm.o
    0x00009cf4   0x00009cf4   0x00000012   Data   RO          672    .rodata.s_flexcommClocks  fsl_flexcomm.o
    0x00009d06   0x00009d06   0x00000002   Data   RO          706    .rodata.s_gintIRQ   fsl_gint.o
    0x00009d08   0x00009d08   0x0000000c   Data   RO          192    .rodata.s_wm8904_capability  fsl_codec_wm8904_adapter.o
    0x00009d14   0x00009d14   0x0000006b   Data   RO           86    .rodata.str1.1      fsl_codec_common.o
    0x00009d7f   0x00009d7f   0x0000005c   Data   RO          161    .rodata.str1.1      fsl_wm8904.o
    0x00009ddb   0x00009ddb   0x0000002d   Data   RO          191    .rodata.str1.1      fsl_codec_wm8904_adapter.o
    0x00009e08   0x00009e08   0x00000035   Data   RO          239    .rodata.str1.1      fsl_adapter_flexcomm_i2c.o
    0x00009e3d   0x00009e3d   0x00000076   Data   RO          370    .rodata.str1.1      fsl_adapter_usart.o
    0x00009eb3   0x00009eb3   0x00000031   Data   RO          570    .rodata.str1.1      fsl_ctimer.o
    0x00009ee4   0x00009ee4   0x000001e3   Data   RO          632    .rodata.str1.1      fsl_dma.o
    0x0000a0c7   0x0000a0c7   0x0000006b   Data   RO          671    .rodata.str1.1      fsl_flexcomm.o
    0x0000a132   0x0000a132   0x00000036   Data   RO          707    .rodata.str1.1      fsl_gint.o
    0x0000a168   0x0000a168   0x00000049   Data   RO          795    .rodata.str1.1      fsl_i2c.o
    0x0000a1b1   0x0000a1b1   0x00000012   Data   RO          841    .rodata.str1.1      fsl_i2s.o
    0x0000a1c3   0x0000a1c3   0x0000001c   Data   RO          870    .rodata.str1.1      fsl_i2s_dma.o
    0x0000a1df   0x0000a1df   0x00000021   Data   RO          890    .rodata.str1.1      fsl_reset.o
    0x0000a200   0x0000a200   0x00000079   Data   RO          942    .rodata.str1.1      fsl_usart.o
    0x0000a279   0x0000a279   0x00000014   Data   RO          996    .rodata.str1.1      audio_unified.o
    0x0000a28d   0x0000a28d   0x00000032   Data   RO         1073    .rodata.str1.1      composite.o
    0x0000a2bf   0x0000a2bf   0x00000001   PAD
    0x0000a2c0   0x0000a2c0   0x00000020   Data   RO         1568    Region$$Table       anon$$obj.o


    Execution Region RW_m_data (Exec base: 0x20000000, Load base: 0x0000a400, Size: 0x00005bc0, Max: 0x00030000, ABSOLUTE, COMPRESSED[0x00000200])

    Exec Addr    Load Addr    Size         Type   Attr      Idx    E Section Name        Object

    0x20000000   COMPRESSED   0x00000004   Data   RW          390    .data.SystemCoreClock  system_lpc55s69_cm33_core0.o
    0x20000004   COMPRESSED   0x00000008   Data   RW         1068    .data.boardCodecConfig  composite.o
    0x2000000c   COMPRESSED   0x00000004   Data   RW         1069    .data.cb_func_fro   composite.o
    0x20000010   COMPRESSED   0x00000004   Data   RW         1070    .data.cb_func_pll   composite.o
    0x20000014   COMPRESSED   0x00000024   Data   RW         1090    .data.g_CompositeClassConfig  composite.o
    0x20000038   COMPRESSED   0x00000008   Data   RW         1151    .data.g_UsbDeviceAudioClassRecorder  usb_device_descriptor.o
    0x20000040   COMPRESSED   0x00000008   Data   RW         1152    .data.g_UsbDeviceAudioClassSpeaker  usb_device_descriptor.o
    0x20000048   COMPRESSED   0x00000006   Data   RW         1138    .data.g_UsbDeviceAudioControlEndpoints  usb_device_descriptor.o
    0x2000004e   COMPRESSED   0x00000002   PAD
    0x20000050   COMPRESSED   0x00000008   Data   RW         1149    .data.g_UsbDeviceAudioInterfaceListRecorder  usb_device_descriptor.o
    0x20000058   COMPRESSED   0x00000008   Data   RW         1150    .data.g_UsbDeviceAudioInterfaceListSpeaker  usb_device_descriptor.o
    0x20000060   COMPRESSED   0x00000020   Data   RW         1145    .data.g_UsbDeviceAudioRecStreamInterface  usb_device_descriptor.o
    0x20000080   COMPRESSED   0x00000010   Data   RW         1143    .data.g_UsbDeviceAudioRecorderControInterface  usb_device_descriptor.o
    0x20000090   COMPRESSED   0x00000006   Data   RW         1136    .data.g_UsbDeviceAudioRecorderEndpoints  usb_device_descriptor.o
    0x20000096   COMPRESSED   0x00000002   PAD
    0x20000098   COMPRESSED   0x00000008   Data   RW         1141    .data.g_UsbDeviceAudioRecorderEntities  usb_device_descriptor.o
    0x200000a0   COMPRESSED   0x0000000c   Data   RW         1139    .data.g_UsbDeviceAudioRecorderEntity  usb_device_descriptor.o
    0x200000ac   COMPRESSED   0x00000018   Data   RW         1147    .data.g_UsbDeviceAudioRecorderInterfaces  usb_device_descriptor.o
    0x200000c4   COMPRESSED   0x00000010   Data   RW         1144    .data.g_UsbDeviceAudioSpeakerControInterface  usb_device_descriptor.o
    0x200000d4   COMPRESSED   0x00000006   Data   RW         1137    .data.g_UsbDeviceAudioSpeakerEndpoints  usb_device_descriptor.o
    0x200000da   COMPRESSED   0x00000002   PAD
    0x200000dc   COMPRESSED   0x00000008   Data   RW         1142    .data.g_UsbDeviceAudioSpeakerEntities  usb_device_descriptor.o
    0x200000e4   COMPRESSED   0x0000000c   Data   RW         1140    .data.g_UsbDeviceAudioSpeakerEntity  usb_device_descriptor.o
    0x200000f0   COMPRESSED   0x00000018   Data   RW         1148    .data.g_UsbDeviceAudioSpeakerInterfaces  usb_device_descriptor.o
    0x20000108   COMPRESSED   0x00000030   Data   RW         1146    .data.g_UsbDeviceAudioSpeakerStreamInterface  usb_device_descriptor.o
    0x20000138   COMPRESSED   0x0000000c   Data   RW         1088    .data.g_UsbDeviceCompositeConfigList  composite.o
    0x20000144   COMPRESSED   0x0000010f   Data   RW         1155    .data.g_UsbDeviceConfigurationDescriptor  usb_device_descriptor.o
    0x20000253   COMPRESSED   0x00000001   PAD
    0x20000254   COMPRESSED   0x00000012   Data   RW         1153    .data.g_UsbDeviceDescriptor  usb_device_descriptor.o
    0x20000266   COMPRESSED   0x00000006   Data   RW         1131    .data.g_UsbDeviceHidEndpoints  usb_device_descriptor.o
    0x2000026c   COMPRESSED   0x00000010   Data   RW         1132    .data.g_UsbDeviceHidInterface  usb_device_descriptor.o
    0x2000027c   COMPRESSED   0x00000008   Data   RW         1134    .data.g_UsbDeviceHidInterfaceList  usb_device_descriptor.o
    0x20000284   COMPRESSED   0x0000000c   Data   RW         1133    .data.g_UsbDeviceHidInterfaces  usb_device_descriptor.o
    0x20000290   COMPRESSED   0x00000023   Data   RW         1154    .data.g_UsbDeviceHidKeyboardReportDescriptor  usb_device_descriptor.o
    0x200002b3   COMPRESSED   0x00000001   PAD
    0x200002b4   COMPRESSED   0x00000008   Data   RW         1135    .data.g_UsbDeviceHidMouseClass  usb_device_descriptor.o
    0x200002bc   COMPRESSED   0x0000000c   Data   RW         1161    .data.g_UsbDeviceLanguage  usb_device_descriptor.o
    0x200002c8   COMPRESSED   0x00000010   Data   RW         1162    .data.g_UsbDeviceLanguageList  usb_device_descriptor.o
    0x200002d8   COMPRESSED   0x00000004   Data   RW         1156    .data.g_UsbDeviceString0  usb_device_descriptor.o
    0x200002dc   COMPRESSED   0x00000026   Data   RW         1157    .data.g_UsbDeviceString1  usb_device_descriptor.o
    0x20000302   COMPRESSED   0x00000002   PAD
    0x20000304   COMPRESSED   0x00000026   Data   RW         1158    .data.g_UsbDeviceString2  usb_device_descriptor.o
    0x2000032a   COMPRESSED   0x00000002   PAD
    0x2000032c   COMPRESSED   0x0000000c   Data   RW         1160    .data.g_UsbDeviceStringDescriptorArray  usb_device_descriptor.o
    0x20000338   COMPRESSED   0x0000000c   Data   RW         1159    .data.g_UsbDeviceStringDescriptorLength  usb_device_descriptor.o
    0x20000344   COMPRESSED   0x00000004   Data   RW          499    .data.s_Ext_Clk_Freq  fsl_clock.o
    0x20000348   COMPRESSED   0x00000024   Data   RW         1067    .data.wm8904Config  composite.o
    0x2000036c   COMPRESSED   0x00000094   PAD
    0x20000400        -       0x00000004   Zero   RW          992    .bss.CTIMER_SOF_TOGGLE_HANDLER_FRO.FroPreWriteNumberPlay  audio_unified.o
    0x20000404        -       0x00000004   Zero   RW          991    .bss.CTIMER_SOF_TOGGLE_HANDLER_FRO.delay_adj_down  audio_unified.o
    0x20000408        -       0x00000004   Zero   RW          990    .bss.CTIMER_SOF_TOGGLE_HANDLER_FRO.delay_adj_up  audio_unified.o
    0x2000040c        -       0x00000004   Zero   RW          995    .bss.CTIMER_SOF_TOGGLE_HANDLER_PLL.PllPreWriteNumberPlay  audio_unified.o
    0x20000410        -       0x00000004   Zero   RW          994    .bss.CTIMER_SOF_TOGGLE_HANDLER_PLL.delay_adj_down  audio_unified.o
    0x20000414        -       0x00000004   Zero   RW          993    .bss.CTIMER_SOF_TOGGLE_HANDLER_PLL.delay_adj_up  audio_unified.o
    0x20000418        -       0x00000180   Zero   RW         1080    .bss.audioPlayDMATempBuff  composite.o
    0x20000598        -       0x00003000   Zero   RW          987    .bss.audioPlayDataBuff  audio_unified.o
    0x20003598        -       0x00000180   Zero   RW          989    .bss.audioPlayPacket  audio_unified.o
    0x20003718        -       0x000000c0   Zero   RW         1082    .bss.audioRecDMATempBuff  composite.o
    0x200037d8        -       0x00001800   Zero   RW          986    .bss.audioRecDataBuff  audio_unified.o
    0x20004fd8        -       0x000000c0   Zero   RW          988    .bss.audioRecPacket  audio_unified.o
    0x20005098        -       0x00000001   Zero   RW         1072    .bss.audio_fro_trim_down.usbClkAdj  composite.o
    0x20005099        -       0x00000001   Zero   RW         1071    .bss.audio_fro_trim_up.usbClkAdj  composite.o
    0x2000509a   COMPRESSED   0x00000002   PAD
    0x2000509c        -       0x0000005c   Zero   RW         1074    .bss.codecHandle    composite.o
    0x200050f8        -       0x00000005   Zero   RW          574    .bss.ctimerCallbackType  fsl_ctimer.o
    0x200050fd   COMPRESSED   0x00000003   PAD
    0x20005100        -       0x00000008   Zero   RW         1087    .bss.ctimerInfoFro  composite.o
    0x20005108        -       0x00000008   Zero   RW         1086    .bss.ctimerInfoPll  composite.o
    0x20005110        -       0x00000001   Zero   RW         1066    .bss.g_ButtonPress  composite.o
    0x20005111        -       0x00000001   Zero   RW          984    .bss.g_CodecMuteUnmute  audio_unified.o
    0x20005112        -       0x00000001   Zero   RW         1065    .bss.g_USBSpeakerAlternateSettingIndex  composite.o
    0x20005113   COMPRESSED   0x00000001   PAD
    0x20005114        -       0x00000004   Zero   RW         1111    .bss.g_UsbDeviceComposite  hid_keyboard.o
    0x20005118        -       0x000000e4   Zero   RW         1085    .bss.g_composite    composite.o
    0x200051fc        -       0x00000004   Zero   RW          985    .bss.g_deviceAudioComposite  audio_unified.o
    0x20005200        -       0x000000b8   Zero   RW          633    .bss.s_DMAHandle    fsl_dma.o
    0x200052b8   COMPRESSED   0x00000008   PAD
    0x200052c0        -       0x00000100   Zero   RW          873    .bss.s_DmaDescriptors  fsl_i2s_dma.o
    0x200053c0        -       0x000001c0   Zero   RW          871    .bss.s_DmaPrivateHandle  fsl_i2s_dma.o
    0x20005580        -       0x00000010   Zero   RW         1078    .bss.s_DmaRxHandle  composite.o
    0x20005590        -       0x00000010   Zero   RW         1077    .bss.s_DmaTxHandle  composite.o
    0x200055a0        -       0x00000004   Zero   RW          875    .bss.s_DummyBufferRx  fsl_i2s_dma.o
    0x200055a4        -       0x00000004   Zero   RW          874    .bss.s_DummyBufferTx  fsl_i2s_dma.o
    0x200055a8        -       0x0000001a   Zero   RW         1325    .bss.s_EpReservedBufferBits  usb_device_lpcip3511.o
    0x200055c2   COMPRESSED   0x00000002   PAD
    0x200055c4        -       0x00000001   Zero   RW         1112    .bss.s_KeyboardBuffer  hid_keyboard.o
    0x200055c5   COMPRESSED   0x00000003   PAD
    0x200055c8        -       0x00000004   Zero   RW          503    .bss.s_Pll0_Freq    fsl_clock.o
    0x200055cc        -       0x00000004   Zero   RW          504    .bss.s_Pll1_Freq    fsl_clock.o
    0x200055d0        -       0x00000012   Zero   RW         1076    .bss.s_RxConfig     composite.o
    0x200055e2   COMPRESSED   0x00000002   PAD
    0x200055e4        -       0x00000038   Zero   RW         1084    .bss.s_RxHandle     composite.o
    0x2000561c        -       0x00000008   Zero   RW         1081    .bss.s_RxTransfer   composite.o
    0x20005624        -       0x00000012   Zero   RW         1075    .bss.s_TxConfig     composite.o
    0x20005636   COMPRESSED   0x00000002   PAD
    0x20005638        -       0x00000038   Zero   RW         1083    .bss.s_TxHandle     composite.o
    0x20005670        -       0x00000008   Zero   RW         1079    .bss.s_TxTransfer   composite.o
    0x20005678        -       0x00000004   Zero   RW         1110    .bss.s_UsbDeviceHidKeyboard.0  hid_keyboard.o
    0x2000567c        -       0x00000134   Zero   RW         1324    .bss.s_UsbDeviceLpc3511IpState  usb_device_lpcip3511.o
    0x200057b0        -       0x00000014   Zero   RW          573    .bss.s_ctimerCallback  fsl_ctimer.o
    0x200057c4        -       0x00000014   Zero   RW         1447    .bss.s_debugConsole  fsl_debug_console.o
    0x200057d8   COMPRESSED   0x00000028   PAD
    0x20005800        -       0x00000170   Zero   RW          635    .bss.s_dma_descriptor_table0  fsl_dma.o
    0x20005970   COMPRESSED   0x00000090   PAD
    0x20005a00        -       0x00000170   Zero   RW          636    .bss.s_dma_descriptor_table1  fsl_dma.o
    0x20005b70        -       0x00000024   Zero   RW          674    .bss.s_flexcommHandle  fsl_flexcomm.o
    0x20005b94        -       0x00000024   Zero   RW          673    .bss.s_flexcommIrqHandler  fsl_flexcomm.o
    0x20005bb8        -       0x00000008   Zero   RW          703    .bss.s_gintCallback  fsl_gint.o


    Execution Region ARM_LIB_HEAP (Exec base: 0x20005bc0, Load base: 0x0000a600, Size: 0x00001000, Max: 0x00001000, ABSOLUTE)

    Exec Addr    Load Addr    Size         Type   Attr      Idx    E Section Name        Object

    0x20005bc0        -       0x00001000   Zero   RW            1    ARM_LIB_HEAP.bss    anon$$obj.o


    Execution Region ARM_LIB_STACK (Exec base: 0x20031000, Load base: 0x0000a600, Size: 0x00002000, Max: 0x00002000, ABSOLUTE)

    Exec Addr    Load Addr    Size         Type   Attr      Idx    E Section Name        Object

    0x20031000        -       0x00002000   Zero   RW            2    ARM_LIB_STACK.bss   anon$$obj.o


    Execution Region RW_m_usb_bdt (Exec base: 0x40100000, Load base: 0x0000a600, Size: 0x00000000, Max: 0x00000000, ABSOLUTE, UNINIT)

    **** No section assigned to this execution region ****


    Execution Region RW_m_usb_ram (Exec base: 0x40100000, Load base: 0x0000a600, Size: 0x00003608, Max: 0x00004000, ABSOLUTE, UNINIT)

    Exec Addr    Load Addr    Size         Type   Attr      Idx    E Section Name        Object

    0x40100000        -       0x00000030   Zero   RW         1233    .bss.m_usb_global   usb_device_audio.o
    0x40100030        -       0x00000028   Zero   RW         1260    .bss.m_usb_global   usb_device_hid.o
    0x40100058        -       0x00000018   Zero   RW         1283    .bss.m_usb_global   usb_device_class.o
    0x40100070   0x0000a600   0x00000090   PAD
    0x40100100        -       0x00003480   Zero   RW         1323    .bss.m_usb_global   usb_device_lpcip3511.o
    0x40103580        -       0x00000088   Zero   RW         1398    .bss.m_usb_global   usb_device_dci.o



  Load Region LR_CORE1_IMAGE (Base: 0x00072000, Size: 0x00000000, Max: 0xffffffff, ABSOLUTE)

    Execution Region CORE1_REGION (Exec base: 0x00072000, Load base: 0x00072000, Size: 0x00000000, Max: 0x00026000, ABSOLUTE)

    **** No section assigned to this execution region ****


==============================================================================

Image component sizes


      Code (inc. data)   RO Data    RW Data    ZI Data      Debug   Object Name

      3712        526         20          0      19037      14202   audio_unified.o
        42          0          0          0          0      13137   board.o
        94          0          0          0          0      14024   clock_config.o
      2958        158         82        100       1112      46879   composite.o
       314         12         85          0          0      15753   fsl_adapter_flexcomm_i2c.o
       442          8        150          0          0       7019   fsl_adapter_usart.o
        60         44          0          0          0        662   fsl_assert.o
      1492          8         32          4          8      43874   fsl_clock.o
       272         76        107          0          0       8542   fsl_codec_common.o
       120          0          0          0          0       3224   fsl_codec_i2c.o
       274         76         57          0          0       8363   fsl_codec_wm8904_adapter.o
       108         48          0          0          0        967   fsl_common_arm.o
       910         20         84          0         25      22853   fsl_ctimer.o
      1054         72          0          0         20      12876   fsl_debug_console.o
      1386         80        503          0        920      31135   fsl_dma.o
       732         36        161          0         72      15177   fsl_flexcomm.o
       384          0         76          0          8      17093   fsl_gint.o
      2494         32         73          0          0      35329   fsl_i2c.o
       316         16         18          0          0      15503   fsl_i2s.o
      2396        144         60          0        712      13114   fsl_i2s_dma.o
        20          0          0          0          0      13044   fsl_os_abstraction_bm.o
       148          0         33          0          0       8607   fsl_reset.o
       920         80        121          0          0      19771   fsl_usart.o
      3354        248         92          0          0      22733   fsl_wm8904.o
       348          0          0          0          9       5784   hid_keyboard.o
       118          0          0          0          0      10733   pin_mux.o
       576        280        304          0          0       2698   startup_lpc55s69_cm33_core0.o
        74          0          0          4          0      10240   system_lpc55s69_cm33_core0.o
      3262         90          0          0         48      26589   usb_device_audio.o
      1992         88          0          0          0      18027   usb_device_ch9.o
       572          0         48          0         24      10765   usb_device_class.o
      1588         26         24          0        136      18200   usb_device_dci.o
       180          0          0        756          0       9084   usb_device_descriptor.o
      1622         28          0          0         40      12689   usb_device_hid.o
      3890         46          0          0      13774      23473   usb_device_lpcip3511.o

    ----------------------------------------------------------------------
     38422       2242       2164        876      48732     552163   Object Totals
         0          0         32          0      12288          0   (incl. Generated)
       198          0          2         12        499          0   (incl. Padding)

    ----------------------------------------------------------------------

      Code (inc. data)   RO Data    RW Data    ZI Data      Debug   Library Member Name

       468         36          0          0          0        448   fsl_power_lib.o
        86          0          0          0          0          0   __dczerorl2.o
         0          0          0          0          0          0   entry.o
         0          0          0          0          0          0   entry10a.o
         0          0          0          0          0          0   entry11a.o
         8          4          0          0          0          0   entry4.o
         4          0          0          0          0          0   entry5.o
         0          0          0          0          0          0   entry7b.o
         0          0          0          0          0          0   entry8b.o
         8          4          0          0          0          0   entry9a.o
        30          0          0          0          0          0   handlers.o
        36          8          0          0          0         68   init.o
        30          0          0          0          0         68   llshl.o
        32          0          0          0          0         68   llushr.o
        40          0          0          0          0         76   memcpy.o
        36          0          0          0          0        108   memseta.o
         8          0          0          0          0         68   siabs.o
        14          0          0          0          0         68   strlen.o
        98          0          0          0          0         92   uldiv.o

    ----------------------------------------------------------------------
       902         52          0          0          0       1064   Library Totals
         4          0          0          0          0          0   (incl. Padding)

    ----------------------------------------------------------------------

      Code (inc. data)   RO Data    RW Data    ZI Data      Debug   Library Name

       468         36          0          0          0        448   keil_lib_power_cm33_core0.lib
       430         16          0          0          0        616   mc_w.l

    ----------------------------------------------------------------------
       902         52          0          0          0       1064   Library Totals

    ----------------------------------------------------------------------

==============================================================================


      Code (inc. data)   RO Data    RW Data    ZI Data      Debug   

     39324       2294       2164        876      48732     552675   Grand Totals
     39324       2294       2164        512      48732     552675   ELF Image Totals (compressed)
     39324       2294       2164        512          0          0   ROM Totals

==============================================================================

    Total RO  Size (Code + RO Data)                41488 (  40.52kB)
    Total RW  Size (RW Data + ZI Data)             49608 (  48.45kB)
    Total ROM Size (Code + RO Data + RW Data)      42000 (  41.02kB)

==============================================================================

